2025-05-20 03:37:14.670: [INFO] VisibilityChanged: 0
2025-05-20 03:37:14.716: [INFO] RecordSyncInitDuration has_sync_been_enabled: 0 state: 0
2025-05-20 03:37:14.718: [INFO] RecordSyncInitDuration has_sync_been_enabled: 0 state: 0
2025-05-20 03:37:14.720: [INFO] RecordSyncInitDuration has_sync_been_enabled: 0 state: 0
2025-05-20 03:37:14.723: [INFO] RecordSyncInitDuration has_sync_been_enabled: 0 state: 0
2025-05-20 03:37:14.725: [INFO] RecordSyncInitDuration has_sync_been_enabled: 0 state: 0
2025-05-20 03:37:14.727: [INFO] RecordSyncInitDuration has_sync_been_enabled: 0 state: 0
2025-05-20 03:37:14.729: [INFO] RecordSyncInitDuration has_sync_been_enabled: 0 state: 0
2025-05-20 03:37:14.730: [INFO] RecordSyncInitDuration has_sync_been_enabled: 0 state: 0
2025-05-20 03:37:14.731: [INFO] RecordSyncInitDuration has_sync_been_enabled: 0 state: 0
2025-05-20 03:37:14.733: [INFO] RecordSyncInitDuration has_sync_been_enabled: 0 state: 0
2025-05-20 03:37:14.734: [INFO] RecordSyncInitDuration has_sync_been_enabled: 0 state: 0
2025-05-20 03:37:14.746: [INFO] BookmarkNodeAdded, ABU: 0
2025-05-20 03:37:14.746: [INFO] BookmarkNodeAdded, ABU: 0
2025-05-20 03:37:14.746: [INFO] BookmarkNodeAdded, ABU: 0
2025-05-20 03:37:14.746: [INFO] BookmarkModelLoaded, ids_reassigned: 0
2025-05-20 03:37:14.746: [INFO] OnDoneLoading sync enabled: 0
2025-05-20 03:37:14.784: [INFO] RecordSyncInitDuration has_sync_been_enabled: 0 state: 0
2025-05-20 03:37:18.471: [INFO] RecordSyncInitDuration has_sync_been_enabled: 0 state: 3
2025-05-20 03:37:18.475: [INFO] Primary account changed.
2025-05-20 03:37:18.475: [INFO] OnPrimaryAccountChanged PrimaryAccountChangeEvent::Type::kSet
2025-05-20 03:37:18.478: [INFO] RecordSyncInitDuration has_sync_been_enabled: 0 state: 3
2025-05-20 03:37:27.164: [INFO] Sync initialization duration: 8480ms
2025-05-20 03:49:48.277: [INFO] VisibilityChanged: 0
2025-05-20 03:49:48.327: [INFO] BookmarkNodeAdded, ABU: 0
2025-05-20 03:49:48.328: [INFO] BookmarkNodeAdded, ABU: 0
2025-05-20 03:49:48.328: [INFO] BookmarkNodeAdded, ABU: 0
2025-05-20 03:49:48.328: [INFO] BookmarkModelLoaded, ids_reassigned: 0
2025-05-20 03:49:48.328: [INFO] OnDoneLoading sync enabled: 1
2025-05-20 03:49:55.945: [INFO] Sync initialization duration: 7326ms
2025-05-20 04:09:13.642: [INFO] VisibilityChanged: 0
2025-05-20 04:09:13.693: [INFO] BookmarkNodeAdded, ABU: 0
2025-05-20 04:09:13.693: [INFO] BookmarkNodeAdded, ABU: 0
2025-05-20 04:09:13.693: [INFO] BookmarkNodeAdded, ABU: 0
2025-05-20 04:09:13.693: [INFO] BookmarkModelLoaded, ids_reassigned: 0
2025-05-20 04:09:13.693: [INFO] OnDoneLoading sync enabled: 1
2025-05-20 04:09:17.542: [INFO] Sync initialization duration: 3611ms
2025-05-20 04:11:49.222: [INFO] VisibilityChanged: 0
2025-05-20 04:11:49.268: [INFO] BookmarkNodeAdded, ABU: 0
2025-05-20 04:11:49.268: [INFO] BookmarkNodeAdded, ABU: 0
2025-05-20 04:11:49.268: [INFO] BookmarkNodeAdded, ABU: 0
2025-05-20 04:11:49.268: [INFO] BookmarkModelLoaded, ids_reassigned: 0
2025-05-20 04:11:49.268: [INFO] OnDoneLoading sync enabled: 1
2025-05-20 04:11:52.691: [INFO] Sync initialization duration: 3192ms
2025-05-20 04:22:46.782: [INFO] VisibilityChanged: 0
2025-05-20 04:22:46.828: [INFO] BookmarkNodeAdded, ABU: 0
2025-05-20 04:22:46.828: [INFO] BookmarkNodeAdded, ABU: 0
2025-05-20 04:22:46.828: [INFO] BookmarkNodeAdded, ABU: 0
2025-05-20 04:22:46.828: [INFO] BookmarkModelLoaded, ids_reassigned: 0
2025-05-20 04:22:46.828: [INFO] OnDoneLoading sync enabled: 1
2025-05-20 04:22:55.126: [INFO] Sync initialization duration: 8015ms
2025-05-20 04:38:50.604: [INFO] VisibilityChanged: 0
2025-05-20 04:38:50.667: [INFO] BookmarkNodeAdded, ABU: 0
2025-05-20 04:38:50.667: [INFO] BookmarkNodeAdded, ABU: 0
2025-05-20 04:38:50.667: [INFO] BookmarkNodeAdded, ABU: 0
2025-05-20 04:38:50.667: [INFO] BookmarkModelLoaded, ids_reassigned: 0
2025-05-20 04:38:50.667: [INFO] OnDoneLoading sync enabled: 1
2025-05-20 04:38:54.159: [INFO] Sync initialization duration: 3217ms
2025-05-20 04:55:02.416: [INFO] VisibilityChanged: 0
2025-05-20 04:55:02.475: [INFO] BookmarkNodeAdded, ABU: 0
2025-05-20 04:55:02.475: [INFO] BookmarkNodeAdded, ABU: 0
2025-05-20 04:55:02.475: [INFO] BookmarkNodeAdded, ABU: 0
2025-05-20 04:55:02.475: [INFO] BookmarkModelLoaded, ids_reassigned: 0
2025-05-20 04:55:02.475: [INFO] OnDoneLoading sync enabled: 1
2025-05-20 04:55:05.998: [INFO] Sync initialization duration: 3262ms
2025-05-20 07:05:01.166: [INFO] VisibilityChanged: 0
2025-05-20 07:05:01.204: [INFO] BookmarkNodeAdded, ABU: 0
2025-05-20 07:05:01.204: [INFO] BookmarkNodeAdded, ABU: 0
2025-05-20 07:05:01.204: [INFO] BookmarkNodeAdded, ABU: 0
2025-05-20 07:05:01.204: [INFO] BookmarkModelLoaded, ids_reassigned: 0
2025-05-20 07:05:01.204: [INFO] OnDoneLoading sync enabled: 1
2025-05-20 07:05:17.631: [INFO] Sync initialization duration: 14729ms
2025-05-20 07:21:37.492: [INFO] VisibilityChanged: 0
2025-05-20 07:21:37.539: [INFO] BookmarkNodeAdded, ABU: 0
2025-05-20 07:21:37.539: [INFO] BookmarkNodeAdded, ABU: 0
2025-05-20 07:21:37.539: [INFO] BookmarkNodeAdded, ABU: 0
2025-05-20 07:21:37.539: [INFO] BookmarkModelLoaded, ids_reassigned: 0
2025-05-20 07:21:37.539: [INFO] OnDoneLoading sync enabled: 1
2025-05-20 07:21:39.250: [INFO] Sync initialization duration: 1503ms
2025-05-20 16:14:56.122: [INFO] VisibilityChanged: 0
2025-05-20 16:14:56.180: [INFO] BookmarkNodeAdded, ABU: 0
2025-05-20 16:14:56.180: [INFO] BookmarkNodeAdded, ABU: 0
2025-05-20 16:14:56.180: [INFO] BookmarkNodeAdded, ABU: 0
2025-05-20 16:14:56.180: [INFO] BookmarkModelLoaded, ids_reassigned: 0
2025-05-20 16:14:56.180: [INFO] OnDoneLoading sync enabled: 1
2025-05-20 16:15:01.788: [INFO] Sync initialization duration: 2295ms
2025-05-21 02:34:31.310: [INFO] VisibilityChanged: 0
2025-05-21 02:34:31.357: [INFO] BookmarkNodeAdded, ABU: 0
2025-05-21 02:34:31.357: [INFO] BookmarkNodeAdded, ABU: 0
2025-05-21 02:34:31.357: [INFO] BookmarkNodeAdded, ABU: 0
2025-05-21 02:34:31.357: [INFO] BookmarkModelLoaded, ids_reassigned: 0
2025-05-21 02:34:31.357: [INFO] OnDoneLoading sync enabled: 1
2025-05-21 02:34:38.984: [INFO] Sync initialization duration: 4170ms
2025-05-21 03:05:35.788: [INFO] VisibilityChanged: 0
2025-05-21 03:05:35.834: [INFO] BookmarkNodeAdded, ABU: 0
2025-05-21 03:05:35.834: [INFO] BookmarkNodeAdded, ABU: 0
2025-05-21 03:05:35.834: [INFO] BookmarkNodeAdded, ABU: 0
2025-05-21 03:05:35.834: [INFO] BookmarkModelLoaded, ids_reassigned: 0
2025-05-21 03:05:35.834: [INFO] OnDoneLoading sync enabled: 1
2025-05-21 03:05:39.030: [INFO] Sync initialization duration: 2934ms
2025-05-21 03:11:06.579: [INFO] VisibilityChanged: 0
2025-05-21 03:11:06.631: [INFO] BookmarkNodeAdded, ABU: 0
2025-05-21 03:11:06.631: [INFO] BookmarkNodeAdded, ABU: 0
2025-05-21 03:11:06.631: [INFO] BookmarkNodeAdded, ABU: 0
2025-05-21 03:11:06.631: [INFO] BookmarkModelLoaded, ids_reassigned: 0
2025-05-21 03:11:06.631: [INFO] OnDoneLoading sync enabled: 1
2025-05-21 03:11:08.888: [INFO] Sync initialization duration: 1974ms
2025-05-21 03:18:11.081: [INFO] VisibilityChanged: 0
2025-05-21 03:18:11.135: [INFO] BookmarkNodeAdded, ABU: 0
2025-05-21 03:18:11.136: [INFO] BookmarkNodeAdded, ABU: 0
2025-05-21 03:18:11.136: [INFO] BookmarkNodeAdded, ABU: 0
2025-05-21 03:18:11.136: [INFO] BookmarkModelLoaded, ids_reassigned: 0
2025-05-21 03:18:11.136: [INFO] OnDoneLoading sync enabled: 1
2025-05-21 03:18:14.960: [INFO] Sync initialization duration: 3583ms
2025-05-21 06:07:09.974: [INFO] VisibilityChanged: 0
2025-05-21 06:07:10.029: [INFO] BookmarkNodeAdded, ABU: 0
2025-05-21 06:07:10.029: [INFO] BookmarkNodeAdded, ABU: 0
2025-05-21 06:07:10.029: [INFO] BookmarkNodeAdded, ABU: 0
2025-05-21 06:07:10.029: [INFO] BookmarkModelLoaded, ids_reassigned: 0
2025-05-21 06:07:10.029: [INFO] OnDoneLoading sync enabled: 1
2025-05-21 06:07:14.489: [INFO] Sync initialization duration: 2780ms
2025-05-21 06:15:35.777: [INFO] VisibilityChanged: 0
2025-05-21 06:15:35.837: [INFO] BookmarkNodeAdded, ABU: 0
2025-05-21 06:15:35.838: [INFO] BookmarkNodeAdded, ABU: 0
2025-05-21 06:15:35.838: [INFO] BookmarkNodeAdded, ABU: 0
2025-05-21 06:15:35.838: [INFO] BookmarkModelLoaded, ids_reassigned: 0
2025-05-21 06:15:35.838: [INFO] OnDoneLoading sync enabled: 1
2025-05-21 06:15:38.368: [INFO] Sync initialization duration: 2212ms
2025-05-21 06:17:10.061: [INFO] VisibilityChanged: 0
2025-05-21 06:17:10.118: [INFO] BookmarkNodeAdded, ABU: 0
2025-05-21 06:17:10.118: [INFO] BookmarkNodeAdded, ABU: 0
2025-05-21 06:17:10.118: [INFO] BookmarkNodeAdded, ABU: 0
2025-05-21 06:17:10.118: [INFO] BookmarkModelLoaded, ids_reassigned: 0
2025-05-21 06:17:10.119: [INFO] OnDoneLoading sync enabled: 1
2025-05-21 06:17:14.062: [INFO] Sync initialization duration: 3673ms
2025-05-21 06:20:50.149: [INFO] VisibilityChanged: 0
2025-05-21 06:20:50.203: [INFO] BookmarkNodeAdded, ABU: 0
2025-05-21 06:20:50.203: [INFO] BookmarkNodeAdded, ABU: 0
2025-05-21 06:20:50.203: [INFO] BookmarkNodeAdded, ABU: 0
2025-05-21 06:20:50.203: [INFO] BookmarkModelLoaded, ids_reassigned: 0
2025-05-21 06:20:50.203: [INFO] OnDoneLoading sync enabled: 1
2025-05-21 06:20:53.264: [INFO] Sync initialization duration: 2819ms
2025-05-21 12:37:42.879: [INFO] VisibilityChanged: 0
2025-05-21 12:37:42.921: [INFO] BookmarkNodeAdded, ABU: 0
2025-05-21 12:37:42.921: [INFO] BookmarkNodeAdded, ABU: 0
2025-05-21 12:37:42.921: [INFO] BookmarkNodeAdded, ABU: 0
2025-05-21 12:37:42.921: [INFO] BookmarkModelLoaded, ids_reassigned: 0
2025-05-21 12:37:42.921: [INFO] OnDoneLoading sync enabled: 1
2025-05-21 12:37:47.177: [INFO] Sync initialization duration: 2035ms
2025-05-21 12:50:55.761: [INFO] VisibilityChanged: 0
2025-05-21 12:50:55.878: [INFO] BookmarkNodeAdded, ABU: 0
2025-05-21 12:50:55.879: [INFO] BookmarkNodeAdded, ABU: 0
2025-05-21 12:50:55.879: [INFO] BookmarkNodeAdded, ABU: 0
2025-05-21 12:50:55.879: [INFO] BookmarkModelLoaded, ids_reassigned: 0
2025-05-21 12:50:55.879: [INFO] OnDoneLoading sync enabled: 1
2025-05-21 12:51:01.221: [INFO] Sync initialization duration: 4597ms
2025-05-23 02:20:03.017: [INFO] VisibilityChanged: 0
2025-05-23 02:20:03.070: [INFO] BookmarkNodeAdded, ABU: 0
2025-05-23 02:20:03.070: [INFO] BookmarkNodeAdded, ABU: 0
2025-05-23 02:20:03.070: [INFO] BookmarkNodeAdded, ABU: 0
2025-05-23 02:20:03.070: [INFO] BookmarkModelLoaded, ids_reassigned: 0
2025-05-23 02:20:03.070: [INFO] OnDoneLoading sync enabled: 1
2025-05-23 02:20:09.628: [INFO] Sync initialization duration: 2397ms
2025-05-23 02:30:22.445: [INFO] VisibilityChanged: 0
2025-05-23 02:30:22.496: [INFO] BookmarkNodeAdded, ABU: 0
2025-05-23 02:30:22.496: [INFO] BookmarkNodeAdded, ABU: 0
2025-05-23 02:30:22.496: [INFO] BookmarkNodeAdded, ABU: 0
2025-05-23 02:30:22.496: [INFO] BookmarkModelLoaded, ids_reassigned: 0
2025-05-23 02:30:22.496: [INFO] OnDoneLoading sync enabled: 1
2025-05-23 02:30:25.814: [INFO] Sync initialization duration: 3013ms
2025-05-23 02:32:11.429: [INFO] VisibilityChanged: 0
2025-05-23 02:32:11.476: [INFO] BookmarkNodeAdded, ABU: 0
2025-05-23 02:32:11.476: [INFO] BookmarkNodeAdded, ABU: 0
2025-05-23 02:32:11.476: [INFO] BookmarkNodeAdded, ABU: 0
2025-05-23 02:32:11.476: [INFO] BookmarkModelLoaded, ids_reassigned: 0
2025-05-23 02:32:11.476: [INFO] OnDoneLoading sync enabled: 1
2025-05-23 02:32:13.163: [INFO] Sync initialization duration: 1436ms
2025-05-23 02:36:23.335: [INFO] VisibilityChanged: 0
2025-05-23 02:36:23.383: [INFO] BookmarkNodeAdded, ABU: 0
2025-05-23 02:36:23.383: [INFO] BookmarkNodeAdded, ABU: 0
2025-05-23 02:36:23.384: [INFO] BookmarkNodeAdded, ABU: 0
2025-05-23 02:36:23.384: [INFO] BookmarkModelLoaded, ids_reassigned: 0
2025-05-23 02:36:23.384: [INFO] OnDoneLoading sync enabled: 1
2025-05-23 02:36:25.106: [INFO] Sync initialization duration: 1453ms
2025-05-23 02:39:19.411: [INFO] VisibilityChanged: 0
2025-05-23 02:39:19.467: [INFO] BookmarkNodeAdded, ABU: 0
2025-05-23 02:39:19.468: [INFO] BookmarkNodeAdded, ABU: 0
2025-05-23 02:39:19.468: [INFO] BookmarkNodeAdded, ABU: 0
2025-05-23 02:39:19.468: [INFO] BookmarkModelLoaded, ids_reassigned: 0
2025-05-23 02:39:19.468: [INFO] OnDoneLoading sync enabled: 1
2025-05-23 02:39:20.918: [INFO] Sync initialization duration: 1187ms
2025-05-23 02:42:34.526: [INFO] VisibilityChanged: 0
2025-05-23 02:42:34.577: [INFO] BookmarkNodeAdded, ABU: 0
2025-05-23 02:42:34.577: [INFO] BookmarkNodeAdded, ABU: 0
2025-05-23 02:42:34.578: [INFO] BookmarkNodeAdded, ABU: 0
2025-05-23 02:42:34.578: [INFO] BookmarkModelLoaded, ids_reassigned: 0
2025-05-23 02:42:34.578: [INFO] OnDoneLoading sync enabled: 1
2025-05-23 02:42:36.414: [INFO] Sync initialization duration: 1605ms
2025-05-23 02:50:27.429: [INFO] VisibilityChanged: 0
2025-05-23 02:50:27.487: [INFO] BookmarkNodeAdded, ABU: 0
2025-05-23 02:50:27.488: [INFO] BookmarkNodeAdded, ABU: 0
2025-05-23 02:50:27.488: [INFO] BookmarkNodeAdded, ABU: 0
2025-05-23 02:50:27.488: [INFO] BookmarkModelLoaded, ids_reassigned: 0
2025-05-23 02:50:27.488: [INFO] OnDoneLoading sync enabled: 1
2025-05-23 02:50:29.150: [INFO] Sync initialization duration: 1444ms
2025-05-23 02:53:16.028: [INFO] VisibilityChanged: 0
2025-05-23 02:53:16.083: [INFO] BookmarkNodeAdded, ABU: 0
2025-05-23 02:53:16.083: [INFO] BookmarkNodeAdded, ABU: 0
2025-05-23 02:53:16.083: [INFO] BookmarkNodeAdded, ABU: 0
2025-05-23 02:53:16.083: [INFO] BookmarkModelLoaded, ids_reassigned: 0
2025-05-23 02:53:16.083: [INFO] OnDoneLoading sync enabled: 1
2025-05-23 02:53:17.633: [INFO] Sync initialization duration: 1297ms
2025-05-23 03:35:17.239: [INFO] VisibilityChanged: 0
2025-05-23 03:35:17.287: [INFO] BookmarkNodeAdded, ABU: 0
2025-05-23 03:35:17.287: [INFO] BookmarkNodeAdded, ABU: 0
2025-05-23 03:35:17.287: [INFO] BookmarkNodeAdded, ABU: 0
2025-05-23 03:35:17.287: [INFO] BookmarkModelLoaded, ids_reassigned: 0
2025-05-23 03:35:17.287: [INFO] OnDoneLoading sync enabled: 1
2025-05-23 03:36:01.262: [INFO] Sync initialization duration: 13691ms
2025-05-24 17:07:29.114: [INFO] VisibilityChanged: 0
2025-05-24 17:07:29.159: [INFO] BookmarkNodeAdded, ABU: 0
2025-05-24 17:07:29.159: [INFO] BookmarkNodeAdded, ABU: 0
2025-05-24 17:07:29.159: [INFO] BookmarkNodeAdded, ABU: 0
2025-05-24 17:07:29.159: [INFO] BookmarkModelLoaded, ids_reassigned: 0
2025-05-24 17:07:29.159: [INFO] OnDoneLoading sync enabled: 1
2025-05-24 17:07:32.788: [INFO] Sync initialization duration: 1542ms
2025-05-24 17:25:55.771: [INFO] VisibilityChanged: 0
2025-05-24 17:25:55.819: [INFO] BookmarkNodeAdded, ABU: 0
2025-05-24 17:25:55.819: [INFO] BookmarkNodeAdded, ABU: 0
2025-05-24 17:25:55.819: [INFO] BookmarkNodeAdded, ABU: 0
2025-05-24 17:25:55.819: [INFO] BookmarkModelLoaded, ids_reassigned: 0
2025-05-24 17:25:55.819: [INFO] OnDoneLoading sync enabled: 1
2025-05-24 17:25:58.066: [INFO] Sync initialization duration: 1942ms
2025-05-25 13:34:27.423: [INFO] VisibilityChanged: 0
2025-05-25 13:34:27.476: [INFO] BookmarkNodeAdded, ABU: 0
2025-05-25 13:34:27.476: [INFO] BookmarkNodeAdded, ABU: 0
2025-05-25 13:34:27.476: [INFO] BookmarkNodeAdded, ABU: 0
2025-05-25 13:34:27.476: [INFO] BookmarkModelLoaded, ids_reassigned: 0
2025-05-25 13:34:27.477: [INFO] OnDoneLoading sync enabled: 1
2025-05-25 13:34:31.431: [INFO] Sync initialization duration: 1829ms
2025-05-26 15:04:14.694: [INFO] VisibilityChanged: 0
2025-05-26 15:04:14.761: [INFO] BookmarkNodeAdded, ABU: 0
2025-05-26 15:04:14.762: [INFO] BookmarkNodeAdded, ABU: 0
2025-05-26 15:04:14.762: [INFO] BookmarkNodeAdded, ABU: 0
2025-05-26 15:04:14.762: [INFO] BookmarkModelLoaded, ids_reassigned: 0
2025-05-26 15:04:14.762: [INFO] OnDoneLoading sync enabled: 1
2025-05-26 15:04:20.978: [INFO] Sync initialization duration: 2224ms
2025-05-26 17:24:55.073: [INFO] VisibilityChanged: 0
2025-05-26 17:24:55.134: [INFO] BookmarkNodeAdded, ABU: 0
2025-05-26 17:24:55.135: [INFO] BookmarkNodeAdded, ABU: 0
2025-05-26 17:24:55.135: [INFO] BookmarkNodeAdded, ABU: 0
2025-05-26 17:24:55.135: [INFO] BookmarkModelLoaded, ids_reassigned: 0
2025-05-26 17:24:55.135: [INFO] OnDoneLoading sync enabled: 1
2025-05-26 17:25:01.648: [INFO] Sync initialization duration: 2776ms
2025-05-26 17:27:14.313: [INFO] VisibilityChanged: 0
2025-05-26 17:27:14.389: [INFO] BookmarkNodeAdded, ABU: 0
2025-05-26 17:27:14.389: [INFO] BookmarkNodeAdded, ABU: 0
2025-05-26 17:27:14.390: [INFO] BookmarkNodeAdded, ABU: 0
2025-05-26 17:27:14.390: [INFO] BookmarkModelLoaded, ids_reassigned: 0
2025-05-26 17:27:14.390: [INFO] OnDoneLoading sync enabled: 1
2025-05-26 17:27:17.008: [INFO] Sync initialization duration: 2299ms
2025-05-26 17:33:48.882: [INFO] VisibilityChanged: 0
2025-05-26 17:33:48.952: [INFO] BookmarkNodeAdded, ABU: 0
2025-05-26 17:33:48.952: [INFO] BookmarkNodeAdded, ABU: 0
2025-05-26 17:33:48.952: [INFO] BookmarkNodeAdded, ABU: 0
2025-05-26 17:33:48.952: [INFO] BookmarkModelLoaded, ids_reassigned: 0
2025-05-26 17:33:48.952: [INFO] OnDoneLoading sync enabled: 1
2025-05-26 17:33:52.157: [INFO] Sync initialization duration: 2914ms
2025-05-26 17:36:20.365: [INFO] VisibilityChanged: 0
2025-05-26 17:36:20.427: [INFO] BookmarkNodeAdded, ABU: 0
2025-05-26 17:36:20.427: [INFO] BookmarkNodeAdded, ABU: 0
2025-05-26 17:36:20.427: [INFO] BookmarkNodeAdded, ABU: 0
2025-05-26 17:36:20.427: [INFO] BookmarkModelLoaded, ids_reassigned: 0
2025-05-26 17:36:20.427: [INFO] OnDoneLoading sync enabled: 1
2025-05-26 17:36:24.137: [INFO] Sync initialization duration: 3419ms
2025-05-26 17:38:03.538: [INFO] VisibilityChanged: 0
2025-05-26 17:38:03.598: [INFO] BookmarkNodeAdded, ABU: 0
2025-05-26 17:38:03.598: [INFO] BookmarkNodeAdded, ABU: 0
2025-05-26 17:38:03.599: [INFO] BookmarkNodeAdded, ABU: 0
2025-05-26 17:38:03.599: [INFO] BookmarkModelLoaded, ids_reassigned: 0
2025-05-26 17:38:03.599: [INFO] OnDoneLoading sync enabled: 1
2025-05-26 17:38:06.802: [INFO] Sync initialization duration: 2938ms
2025-05-26 17:52:12.483: [INFO] VisibilityChanged: 0
2025-05-26 17:52:12.543: [INFO] BookmarkNodeAdded, ABU: 0
2025-05-26 17:52:12.543: [INFO] BookmarkNodeAdded, ABU: 0
2025-05-26 17:52:12.543: [INFO] BookmarkNodeAdded, ABU: 0
2025-05-26 17:52:12.543: [INFO] BookmarkModelLoaded, ids_reassigned: 0
2025-05-26 17:52:12.543: [INFO] OnDoneLoading sync enabled: 1
2025-05-26 17:52:16.241: [INFO] Sync initialization duration: 3472ms
2025-05-26 18:00:53.453: [INFO] VisibilityChanged: 0
2025-05-26 18:00:53.519: [INFO] BookmarkNodeAdded, ABU: 0
2025-05-26 18:00:53.520: [INFO] BookmarkNodeAdded, ABU: 0
2025-05-26 18:00:53.520: [INFO] BookmarkNodeAdded, ABU: 0
2025-05-26 18:00:53.520: [INFO] BookmarkModelLoaded, ids_reassigned: 0
2025-05-26 18:00:53.520: [INFO] OnDoneLoading sync enabled: 1
2025-05-26 18:00:58.388: [INFO] Sync initialization duration: 4609ms
2025-05-26 18:04:42.295: [INFO] VisibilityChanged: 0
2025-05-26 18:04:42.348: [INFO] BookmarkNodeAdded, ABU: 0
2025-05-26 18:04:42.348: [INFO] BookmarkNodeAdded, ABU: 0
2025-05-26 18:04:42.349: [INFO] BookmarkNodeAdded, ABU: 0
2025-05-26 18:04:42.349: [INFO] BookmarkModelLoaded, ids_reassigned: 0
2025-05-26 18:04:42.349: [INFO] OnDoneLoading sync enabled: 1
2025-05-26 18:04:48.379: [INFO] Sync initialization duration: 5742ms
2025-05-26 18:05:29.918: [INFO] VisibilityChanged: 0
2025-05-26 18:05:29.985: [INFO] BookmarkNodeAdded, ABU: 0
2025-05-26 18:05:29.985: [INFO] BookmarkNodeAdded, ABU: 0
2025-05-26 18:05:29.985: [INFO] BookmarkNodeAdded, ABU: 0
2025-05-26 18:05:29.985: [INFO] BookmarkModelLoaded, ids_reassigned: 0
2025-05-26 18:05:29.985: [INFO] OnDoneLoading sync enabled: 1
2025-05-26 18:05:38.764: [INFO] Sync initialization duration: 8505ms
2025-05-27 01:49:50.371: [INFO] VisibilityChanged: 0
2025-05-27 01:49:50.414: [INFO] BookmarkNodeAdded, ABU: 0
2025-05-27 01:49:50.414: [INFO] BookmarkNodeAdded, ABU: 0
2025-05-27 01:49:50.414: [INFO] BookmarkNodeAdded, ABU: 0
2025-05-27 01:49:50.414: [INFO] BookmarkModelLoaded, ids_reassigned: 0
2025-05-27 01:49:50.414: [INFO] OnDoneLoading sync enabled: 1
2025-05-27 01:49:54.643: [INFO] Sync initialization duration: 1940ms
2025-05-27 02:00:49.035: [INFO] VisibilityChanged: 0
2025-05-27 02:00:49.099: [INFO] BookmarkNodeAdded, ABU: 0
2025-05-27 02:00:49.099: [INFO] BookmarkNodeAdded, ABU: 0
2025-05-27 02:00:49.099: [INFO] BookmarkNodeAdded, ABU: 0
2025-05-27 02:00:49.099: [INFO] BookmarkModelLoaded, ids_reassigned: 0
2025-05-27 02:00:49.100: [INFO] OnDoneLoading sync enabled: 1
2025-05-27 02:00:51.083: [INFO] Sync initialization duration: 1625ms
2025-05-27 02:08:52.933: [INFO] VisibilityChanged: 0
2025-05-27 02:08:52.982: [INFO] BookmarkNodeAdded, ABU: 0
2025-05-27 02:08:52.983: [INFO] BookmarkNodeAdded, ABU: 0
2025-05-27 02:08:52.983: [INFO] BookmarkNodeAdded, ABU: 0
2025-05-27 02:08:52.983: [INFO] BookmarkModelLoaded, ids_reassigned: 0
2025-05-27 02:08:52.983: [INFO] OnDoneLoading sync enabled: 1
2025-05-27 02:08:54.858: [INFO] Sync initialization duration: 1695ms
2025-05-27 02:24:24.675: [INFO] VisibilityChanged: 0
2025-05-27 02:24:24.718: [INFO] BookmarkNodeAdded, ABU: 0
2025-05-27 02:24:24.718: [INFO] BookmarkNodeAdded, ABU: 0
2025-05-27 02:24:24.718: [INFO] BookmarkNodeAdded, ABU: 0
2025-05-27 02:24:24.718: [INFO] BookmarkModelLoaded, ids_reassigned: 0
2025-05-27 02:24:24.718: [INFO] OnDoneLoading sync enabled: 1
2025-05-27 02:24:26.552: [INFO] Sync initialization duration: 1634ms
2025-05-27 03:13:20.789: [INFO] VisibilityChanged: 0
2025-05-27 03:13:20.836: [INFO] BookmarkNodeAdded, ABU: 0
2025-05-27 03:13:20.837: [INFO] BookmarkNodeAdded, ABU: 0
2025-05-27 03:13:20.837: [INFO] BookmarkNodeAdded, ABU: 0
2025-05-27 03:13:20.837: [INFO] BookmarkModelLoaded, ids_reassigned: 0
2025-05-27 03:13:20.837: [INFO] OnDoneLoading sync enabled: 1
2025-05-27 03:13:33.786: [INFO] Sync initialization duration: 9374ms
2025-05-27 03:38:25.602: [INFO] VisibilityChanged: 0
2025-05-27 03:38:25.659: [INFO] BookmarkNodeAdded, ABU: 0
2025-05-27 03:38:25.659: [INFO] BookmarkNodeAdded, ABU: 0
2025-05-27 03:38:25.659: [INFO] BookmarkNodeAdded, ABU: 0
2025-05-27 03:38:25.659: [INFO] BookmarkModelLoaded, ids_reassigned: 0
2025-05-27 03:38:25.660: [INFO] OnDoneLoading sync enabled: 1
2025-05-27 03:39:45.336: [INFO] Sync initialization duration: 79383ms
2025-05-27 03:44:21.689: [INFO] VisibilityChanged: 0
2025-05-27 03:44:21.743: [INFO] BookmarkNodeAdded, ABU: 0
2025-05-27 03:44:21.744: [INFO] BookmarkNodeAdded, ABU: 0
2025-05-27 03:44:21.744: [INFO] BookmarkNodeAdded, ABU: 0
2025-05-27 03:44:21.744: [INFO] BookmarkModelLoaded, ids_reassigned: 0
2025-05-27 03:44:21.744: [INFO] OnDoneLoading sync enabled: 1
2025-05-27 03:44:25.576: [INFO] Sync initialization duration: 3582ms
2025-05-27 03:47:00.460: [INFO] VisibilityChanged: 0
2025-05-27 03:47:00.517: [INFO] BookmarkNodeAdded, ABU: 0
2025-05-27 03:47:00.517: [INFO] BookmarkNodeAdded, ABU: 0
2025-05-27 03:47:00.517: [INFO] BookmarkNodeAdded, ABU: 0
2025-05-27 03:47:00.517: [INFO] BookmarkModelLoaded, ids_reassigned: 0
2025-05-27 03:47:00.517: [INFO] OnDoneLoading sync enabled: 1
2025-05-27 03:47:08.203: [INFO] Sync initialization duration: 7396ms
2025-05-27 03:53:42.518: [INFO] VisibilityChanged: 0
2025-05-27 03:53:42.571: [INFO] BookmarkNodeAdded, ABU: 0
2025-05-27 03:53:42.572: [INFO] BookmarkNodeAdded, ABU: 0
2025-05-27 03:53:42.572: [INFO] BookmarkNodeAdded, ABU: 0
2025-05-27 03:53:42.572: [INFO] BookmarkModelLoaded, ids_reassigned: 0
2025-05-27 03:53:42.572: [INFO] OnDoneLoading sync enabled: 1
2025-05-27 03:54:05.800: [INFO] Sync initialization duration: 22946ms
2025-05-27 04:04:23.806: [INFO] VisibilityChanged: 0
2025-05-27 04:04:23.863: [INFO] BookmarkNodeAdded, ABU: 0
2025-05-27 04:04:23.863: [INFO] BookmarkNodeAdded, ABU: 0
2025-05-27 04:04:23.863: [INFO] BookmarkNodeAdded, ABU: 0
2025-05-27 04:04:23.863: [INFO] BookmarkModelLoaded, ids_reassigned: 0
2025-05-27 04:04:23.863: [INFO] OnDoneLoading sync enabled: 1
2025-05-27 04:04:27.171: [INFO] Sync initialization duration: 3084ms
2025-05-27 04:23:12.648: [INFO] VisibilityChanged: 0
2025-05-27 04:23:12.710: [INFO] BookmarkNodeAdded, ABU: 0
2025-05-27 04:23:12.710: [INFO] BookmarkNodeAdded, ABU: 0
2025-05-27 04:23:12.711: [INFO] BookmarkNodeAdded, ABU: 0
2025-05-27 04:23:12.711: [INFO] BookmarkModelLoaded, ids_reassigned: 0
2025-05-27 04:23:12.711: [INFO] OnDoneLoading sync enabled: 1
2025-05-27 04:23:27.590: [INFO] Sync initialization duration: 14560ms
2025-05-27 04:30:14.811: [INFO] VisibilityChanged: 0
2025-05-27 04:30:14.866: [INFO] BookmarkNodeAdded, ABU: 0
2025-05-27 04:30:14.866: [INFO] BookmarkNodeAdded, ABU: 0
2025-05-27 04:30:14.866: [INFO] BookmarkNodeAdded, ABU: 0
2025-05-27 04:30:14.866: [INFO] BookmarkModelLoaded, ids_reassigned: 0
2025-05-27 04:30:14.866: [INFO] OnDoneLoading sync enabled: 1
2025-05-27 04:30:18.517: [INFO] Sync initialization duration: 3427ms
2025-05-27 04:32:04.965: [INFO] VisibilityChanged: 0
2025-05-27 04:32:05.021: [INFO] BookmarkNodeAdded, ABU: 0
2025-05-27 04:32:05.021: [INFO] BookmarkNodeAdded, ABU: 0
2025-05-27 04:32:05.021: [INFO] BookmarkNodeAdded, ABU: 0
2025-05-27 04:32:05.021: [INFO] BookmarkModelLoaded, ids_reassigned: 0
2025-05-27 04:32:05.021: [INFO] OnDoneLoading sync enabled: 1
2025-05-27 04:32:25.390: [INFO] Sync initialization duration: 20134ms
2025-05-27 04:36:39.409: [INFO] VisibilityChanged: 0
2025-05-27 04:36:39.472: [INFO] BookmarkNodeAdded, ABU: 0
2025-05-27 04:36:39.472: [INFO] BookmarkNodeAdded, ABU: 0
2025-05-27 04:36:39.472: [INFO] BookmarkNodeAdded, ABU: 0
2025-05-27 04:36:39.472: [INFO] BookmarkModelLoaded, ids_reassigned: 0
2025-05-27 04:36:39.472: [INFO] OnDoneLoading sync enabled: 1
2025-05-27 04:36:41.296: [INFO] Sync initialization duration: 1530ms
2025-05-27 04:49:14.582: [INFO] VisibilityChanged: 0
2025-05-27 04:49:14.633: [INFO] BookmarkNodeAdded, ABU: 0
2025-05-27 04:49:14.633: [INFO] BookmarkNodeAdded, ABU: 0
2025-05-27 04:49:14.633: [INFO] BookmarkNodeAdded, ABU: 0
2025-05-27 04:49:14.633: [INFO] BookmarkModelLoaded, ids_reassigned: 0
2025-05-27 04:49:14.633: [INFO] OnDoneLoading sync enabled: 1
2025-05-27 04:49:18.577: [INFO] Sync initialization duration: 3576ms
2025-05-27 04:52:03.067: [INFO] VisibilityChanged: 0
2025-05-27 04:52:03.123: [INFO] BookmarkNodeAdded, ABU: 0
2025-05-27 04:52:03.123: [INFO] BookmarkNodeAdded, ABU: 0
2025-05-27 04:52:03.123: [INFO] BookmarkNodeAdded, ABU: 0
2025-05-27 04:52:03.123: [INFO] BookmarkModelLoaded, ids_reassigned: 0
2025-05-27 04:52:03.123: [INFO] OnDoneLoading sync enabled: 1
2025-05-27 04:52:05.573: [INFO] Sync initialization duration: 2198ms
2025-05-27 05:04:34.546: [INFO] VisibilityChanged: 0
2025-05-27 05:04:34.680: [INFO] BookmarkNodeAdded, ABU: 0
2025-05-27 05:04:34.681: [INFO] BookmarkNodeAdded, ABU: 0
2025-05-27 05:04:34.681: [INFO] BookmarkNodeAdded, ABU: 0
2025-05-27 05:04:34.682: [INFO] BookmarkModelLoaded, ids_reassigned: 0
2025-05-27 05:04:34.682: [INFO] OnDoneLoading sync enabled: 1
2025-05-27 05:04:38.719: [INFO] Sync initialization duration: 3136ms
2025-05-27 13:03:05.016: [INFO] VisibilityChanged: 0
2025-05-27 13:03:05.124: [INFO] BookmarkNodeAdded, ABU: 0
2025-05-27 13:03:05.124: [INFO] BookmarkNodeAdded, ABU: 0
2025-05-27 13:03:05.125: [INFO] BookmarkNodeAdded, ABU: 0
2025-05-27 13:03:05.125: [INFO] BookmarkModelLoaded, ids_reassigned: 0
2025-05-27 13:03:05.125: [INFO] OnDoneLoading sync enabled: 1
2025-05-27 13:03:10.320: [INFO] Sync initialization duration: 1571ms
