{"logTime": "0526/180539", "correlationVector":"Fz4xJttJue5QdRsPsw3HK3.2","action":"ProcessGetUpdates", "result":"Done", "context":{"dataType":"Sessions", "deleted":"0", "process_failed_to_decrypt":"0", "process_pending_decryption":"0", "process_success":"3", "total":"3"}}
{"logTime": "0526/180539", "correlationVector":"Fz4xJttJue5QdRsPsw3HK3.3","action":"ProcessGetUpdates", "result":"Done", "context":{"dataType":"Device Info", "deleted":"0", "process_failed_to_decrypt":"0", "process_pending_decryption":"0", "process_success":"1", "total":"1"}}
{"logTime": "0526/180539", "correlationVector":"Fz4xJttJue5QdRsPsw3HK3.4","action":"ProcessGetUpdates", "result":"Done", "context":{"dataType":"History", "deleted":"0", "process_failed_to_decrypt":"0", "process_pending_decryption":"0", "process_success":"1", "total":"1"}}
{"logTime": "0526/180539", "correlationVector":"Fz4xJttJue5QdRsPsw3HK3.5","action":"GetUpdates Response", "result":"Success", "context":Received 5 update(s). cV=Fz4xJttJue5QdRsPsw3HK3.0;server=akswtt00800001m;cloudType=Multitenant;environment=Prod_southeastasia_prod-s01-064-apac-southeastasia;migrationStage=NotStarted}
{"logTime": "0526/180539", "correlationVector":"+6bgD6dCgc2Vs/9UTP4KTG","action":"Commit Request", "result":"", "context":Item count: 6
Contributing types: Sessions, Device Info, History}
{"logTime": "0526/180540", "correlationVector":"+6bgD6dCgc2Vs/9UTP4KTG.1","action":"SyncServerConnectionManagerRequest", "result":"SYNC_SERVER_OK", "context":{"environment":"Prod_southeastasia_prod-s01-064-apac-southeastasia", "migrationStage":"NotStarted", "server":"akswtt00800000e"}}
{"logTime": "0526/180540", "correlationVector":"+6bgD6dCgc2Vs/9UTP4KTG.2","action":"Commit Response", "result":"Success", "context":Result: Success. cV=+6bgD6dCgc2Vs/9UTP4KTG.0;server=akswtt00800000e;cloudType=Multitenant;environment=Prod_southeastasia_prod-s01-064-apac-southeastasia;migrationStage=NotStarted}
{"logTime": "0526/180641", "correlationVector":"P4iTq8kytzkfZ9+dlmJULx","action":"Commit Request", "result":"", "context":Item count: 3
Contributing types: Sessions, History}
{"logTime": "0526/180642", "correlationVector":"P4iTq8kytzkfZ9+dlmJULx.1","action":"SyncServerConnectionManagerRequest", "result":"SYNC_SERVER_OK", "context":{"environment":"Prod_southeastasia_prod-s01-064-apac-southeastasia", "migrationStage":"NotStarted", "server":"akswtt00800001x"}}
{"logTime": "0526/180642", "correlationVector":"P4iTq8kytzkfZ9+dlmJULx.2","action":"Commit Response", "result":"Success", "context":Result: Success. cV=P4iTq8kytzkfZ9+dlmJULx.0;server=akswtt00800001x;cloudType=Multitenant;environment=Prod_southeastasia_prod-s01-064-apac-southeastasia;migrationStage=NotStarted}
{"logTime": "0526/180642", "correlationVector":"P4iTq8kytzkfZ9+dlmJULx.3","action":"Commit.Sessions", "result":"Success", "context":{"id":"48034470-504d-41a0-a5a5-6884b0749159", "isDeleted":"true", "size":"0", "version":"1748282740232"}}
{"logTime": "0527/014953", "correlationVector":"aMgAMXeS/YtKnSzRHsIKaH.1","action":"SyncServerConnectionManagerRequest", "result":"SYNC_SERVER_OK", "context":{"environment":"Prod_southeastasia_prod-s01-065-apac-southeastasia", "migrationStage":"NotStarted", "server":"akswtt008000014"}}
{"logTime": "0527/014954", "correlationVector":"aMgAMXeS/YtKnSzRHsIKaH.2","action":"AAD.Mip.Unpack", "result":"Success", "context":MIP_CLOUD_COMMERCIAL:Success}
{"logTime": "0527/014954", "correlationVector":"aMgAMXeS/YtKnSzRHsIKaH.3","action":"EncryptionKeysManager::SetEncryptionKeys:", "result":"Success", "context":Key names[1]:[Hzcfl8u0Q1fAKPeZybT2iAiixzSLk5albuPJZtr0qUoQtPPFy1kcqjVMJXKQ+vSxp3mGD5BFRwtKisdaXPSh5w==]}
{"logTime": "0527/014954", "correlationVector":"aMgAMXeS/YtKnSzRHsIKaH.4","action":"AAD.GetKeyResponse", "result":"Success", "context":Keys=1.LastKeyStatus=Active. 2025-04-09 20:51:51 +07.State=None. Tags: Current_encryption_keys_tag = 77+977+9aO+/vXwVUu+/vTTvv70277+9Dirvv73vv73vv71E77+9fe+/vQpg77+9MG7vv70xZjjvv70t, Updated_current_encryption_keys_tag = Empty. Emails: ["fatihfaritshi@student.unp.ac.id"]}
{"logTime": "0527/014954", "correlationVector":"aMgAMXeS/YtKnSzRHsIKaH.5","action":"ProcessGetUpdates", "result":"Done", "context":{"dataType":"Encryption Keys", "deleted":"0", "process_failed_to_decrypt":"0", "process_pending_decryption":"0", "process_success":"1", "total":"1"}}
{"logTime": "0527/014954", "correlationVector":"aMgAMXeS/YtKnSzRHsIKaH","action":"Initial GetUpdates", "result":"", "context":Reason: NEW_CLIENT. cV=aMgAMXeS/YtKnSzRHsIKaH}
{"logTime": "0527/014954", "correlationVector":"aMgAMXeS/YtKnSzRHsIKaH.6","action":"GetUpdates Response", "result":"Success", "context":Received 1 update(s). cV=aMgAMXeS/YtKnSzRHsIKaH.0;server=akswtt008000014;cloudType=Multitenant;environment=Prod_southeastasia_prod-s01-065-apac-southeastasia;migrationStage=NotStarted}
{"logTime": "0527/014954", "correlationVector":"iFjaeoVzJLvAfi2/6uhGn7","action":"Normal GetUpdate request", "result":"", "context":cV=iFjaeoVzJLvAfi2/6uhGn7
Nudged types: Sessions, Device Info, History
Refresh requested types: Bookmarks, Preferences, Passwords, Autofill Profiles, Autofill, Extensions, Sessions, Extension settings, History Delete Directives, Device Info, User Consents, Send Tab To Self, Web Apps, History, Saved Tab Group, Collection, Edge E Drop, Edge Hub App Usage, Edge Tab Group, Edge Wallet, Encryption Keys}
{"logTime": "0527/014955", "correlationVector":"iFjaeoVzJLvAfi2/6uhGn7.1","action":"SyncServerConnectionManagerRequest", "result":"SYNC_SERVER_OK", "context":{"environment":"Prod_southeastasia_prod-s01-065-apac-southeastasia", "migrationStage":"NotStarted", "server":"akswtt00800000z"}}
{"logTime": "0527/014955", "correlationVector":"iFjaeoVzJLvAfi2/6uhGn7.2","action":"ProcessGetUpdates", "result":"Done", "context":{"dataType":"Sessions", "deleted":"1", "process_failed_to_decrypt":"0", "process_pending_decryption":"0", "process_success":"3", "total":"3"}}
{"logTime": "0527/014955", "correlationVector":"iFjaeoVzJLvAfi2/6uhGn7.3","action":"ProcessGetUpdates", "result":"Done", "context":{"dataType":"Device Info", "deleted":"0", "process_failed_to_decrypt":"0", "process_pending_decryption":"0", "process_success":"1", "total":"1"}}
{"logTime": "0527/014955", "correlationVector":"iFjaeoVzJLvAfi2/6uhGn7.4","action":"ProcessGetUpdates", "result":"Done", "context":{"dataType":"History", "deleted":"0", "process_failed_to_decrypt":"0", "process_pending_decryption":"0", "process_success":"2", "total":"2"}}
{"logTime": "0527/014955", "correlationVector":"iFjaeoVzJLvAfi2/6uhGn7.5","action":"GetUpdates Response", "result":"Success", "context":Received 6 update(s). cV=iFjaeoVzJLvAfi2/6uhGn7.0;server=akswtt00800000z;cloudType=Multitenant;environment=Prod_southeastasia_prod-s01-065-apac-southeastasia;migrationStage=NotStarted}
{"logTime": "0527/014955", "correlationVector":"7rTYSJD+/d7fblMwNSgbk/","action":"Commit Request", "result":"", "context":Item count: 5
Contributing types: Sessions, Device Info, History}
{"logTime": "0527/014955", "correlationVector":"7rTYSJD+/d7fblMwNSgbk/.1","action":"SyncServerConnectionManagerRequest", "result":"SYNC_SERVER_OK", "context":{"environment":"Prod_southeastasia_prod-s01-065-apac-southeastasia", "migrationStage":"NotStarted", "server":"akswtt00800002r"}}
{"logTime": "0527/014955", "correlationVector":"7rTYSJD+/d7fblMwNSgbk/.3","action":"Commit.Sessions", "result":"Success", "context":{"id":"c7334f18-7972-44af-aa6d-a1c3a0bc95cf", "isDeleted":"true", "size":"0", "version":"1748282802432"}}
{"logTime": "0527/014955", "correlationVector":"7rTYSJD+/d7fblMwNSgbk/.2","action":"Commit Response", "result":"Success", "context":Result: Success. cV=7rTYSJD+/d7fblMwNSgbk/.0;server=akswtt00800002r;cloudType=Multitenant;environment=Prod_southeastasia_prod-s01-065-apac-southeastasia;migrationStage=NotStarted}
{"logTime": "0527/014955", "correlationVector":"0vbhhgsp4rLacWtSWFuuhB","action":"Commit Request", "result":"", "context":Item count: 2
Contributing types: Sessions, History}
{"logTime": "0527/014956", "correlationVector":"0vbhhgsp4rLacWtSWFuuhB.1","action":"SyncServerConnectionManagerRequest", "result":"SYNC_SERVER_OK", "context":{"environment":"Prod_southeastasia_prod-s01-065-apac-southeastasia", "migrationStage":"NotStarted", "server":"akswtt008000026"}}
{"logTime": "0527/014956", "correlationVector":"0vbhhgsp4rLacWtSWFuuhB.2","action":"Commit Response", "result":"Success", "context":Result: Success. cV=0vbhhgsp4rLacWtSWFuuhB.0;server=akswtt008000026;cloudType=Multitenant;environment=Prod_southeastasia_prod-s01-065-apac-southeastasia;migrationStage=NotStarted}
{"logTime": "0527/014956", "correlationVector":"sUuiHtIncrN6Knmd06HMZJ","action":"Poll GetUpdate request", "result":"", "context":cV=sUuiHtIncrN6Knmd06HMZJ}
{"logTime": "0527/014956", "correlationVector":"sUuiHtIncrN6Knmd06HMZJ.1","action":"SyncServerConnectionManagerRequest", "result":"SYNC_SERVER_OK", "context":{"environment":"Prod_southeastasia_prod-s01-065-apac-southeastasia", "migrationStage":"NotStarted", "server":"akswtt008000000"}}
{"logTime": "0527/014956", "correlationVector":"sUuiHtIncrN6Knmd06HMZJ.2","action":"ProcessGetUpdates", "result":"Done", "context":{"dataType":"Sessions", "deleted":"1", "process_failed_to_decrypt":"0", "process_pending_decryption":"0", "process_success":"3", "total":"3"}}
{"logTime": "0527/014956", "correlationVector":"sUuiHtIncrN6Knmd06HMZJ.3","action":"ProcessGetUpdates", "result":"Done", "context":{"dataType":"Device Info", "deleted":"0", "process_failed_to_decrypt":"0", "process_pending_decryption":"0", "process_success":"1", "total":"1"}}
{"logTime": "0527/014956", "correlationVector":"sUuiHtIncrN6Knmd06HMZJ.4","action":"ProcessGetUpdates", "result":"Done", "context":{"dataType":"History", "deleted":"0", "process_failed_to_decrypt":"0", "process_pending_decryption":"0", "process_success":"2", "total":"2"}}
{"logTime": "0527/014956", "correlationVector":"sUuiHtIncrN6Knmd06HMZJ.5","action":"GetUpdates Response", "result":"Success", "context":Received 6 update(s). cV=sUuiHtIncrN6Knmd06HMZJ.0;server=akswtt008000000;cloudType=Multitenant;environment=Prod_southeastasia_prod-s01-065-apac-southeastasia;migrationStage=NotStarted}
{"logTime": "0527/020050", "correlationVector":"QndBPEIbRB9YBEvM8fmTJH.1","action":"SyncServerConnectionManagerRequest", "result":"SYNC_SERVER_OK", "context":{"environment":"Prod_southeastasia_prod-s01-065-apac-southeastasia", "migrationStage":"NotStarted", "server":"akswtt00800001r"}}
{"logTime": "0527/020051", "correlationVector":"QndBPEIbRB9YBEvM8fmTJH.2","action":"AAD.Mip.Unpack", "result":"Success", "context":MIP_CLOUD_COMMERCIAL:Success}
{"logTime": "0527/020051", "correlationVector":"QndBPEIbRB9YBEvM8fmTJH.3","action":"EncryptionKeysManager::SetEncryptionKeys:", "result":"Success", "context":Key names[1]:[Hzcfl8u0Q1fAKPeZybT2iAiixzSLk5albuPJZtr0qUoQtPPFy1kcqjVMJXKQ+vSxp3mGD5BFRwtKisdaXPSh5w==]}
{"logTime": "0527/020051", "correlationVector":"QndBPEIbRB9YBEvM8fmTJH.4","action":"AAD.GetKeyResponse", "result":"Success", "context":Keys=1.LastKeyStatus=Active. 2025-04-09 20:51:51 +07.State=None. Tags: Current_encryption_keys_tag = 77+977+9aO+/vXwVUu+/vTTvv70277+9Dirvv73vv73vv71E77+9fe+/vQpg77+9MG7vv70xZjjvv70t, Updated_current_encryption_keys_tag = Empty. Emails: ["fatihfaritshi@student.unp.ac.id"]}
{"logTime": "0527/020051", "correlationVector":"QndBPEIbRB9YBEvM8fmTJH.5","action":"ProcessGetUpdates", "result":"Done", "context":{"dataType":"Encryption Keys", "deleted":"0", "process_failed_to_decrypt":"0", "process_pending_decryption":"0", "process_success":"1", "total":"1"}}
{"logTime": "0527/020051", "correlationVector":"QndBPEIbRB9YBEvM8fmTJH","action":"Initial GetUpdates", "result":"", "context":Reason: NEW_CLIENT. cV=QndBPEIbRB9YBEvM8fmTJH}
{"logTime": "0527/020051", "correlationVector":"QndBPEIbRB9YBEvM8fmTJH.6","action":"GetUpdates Response", "result":"Success", "context":Received 1 update(s). cV=QndBPEIbRB9YBEvM8fmTJH.0;server=akswtt00800001r;cloudType=Multitenant;environment=Prod_southeastasia_prod-s01-065-apac-southeastasia;migrationStage=NotStarted}
{"logTime": "0527/020051", "correlationVector":"YIbLu0vUoTVCk4LaNhTXW3","action":"Normal GetUpdate request", "result":"", "context":cV=YIbLu0vUoTVCk4LaNhTXW3
Nudged types: Sessions, Device Info, History
Refresh requested types: Bookmarks, Preferences, Passwords, Autofill Profiles, Autofill, Extensions, Sessions, Extension settings, History Delete Directives, Device Info, User Consents, Send Tab To Self, Web Apps, History, Saved Tab Group, Collection, Edge E Drop, Edge Hub App Usage, Edge Tab Group, Edge Wallet, Encryption Keys}
{"logTime": "0527/020051", "correlationVector":"YIbLu0vUoTVCk4LaNhTXW3.1","action":"SyncServerConnectionManagerRequest", "result":"SYNC_SERVER_OK", "context":{"environment":"Prod_southeastasia_prod-s01-064-apac-southeastasia", "migrationStage":"NotStarted", "server":"akswtt00800002e"}}
{"logTime": "0527/020051", "correlationVector":"YIbLu0vUoTVCk4LaNhTXW3.2","action":"GetUpdates Response", "result":"Success", "context":Received 0 update(s). cV=YIbLu0vUoTVCk4LaNhTXW3.0;server=akswtt00800002e;cloudType=Multitenant;environment=Prod_southeastasia_prod-s01-064-apac-southeastasia;migrationStage=NotStarted}
{"logTime": "0527/020051", "correlationVector":"V91FQKlbrTTMGkOVN8HWi0","action":"Commit Request", "result":"", "context":Item count: 6
Contributing types: Sessions, Device Info, History}
{"logTime": "0527/020052", "correlationVector":"V91FQKlbrTTMGkOVN8HWi0.1","action":"SyncServerConnectionManagerRequest", "result":"SYNC_SERVER_OK", "context":{"environment":"Prod_southeastasia_prod-s01-064-apac-southeastasia", "migrationStage":"NotStarted", "server":"akswtt00800002k"}}
{"logTime": "0527/020052", "correlationVector":"V91FQKlbrTTMGkOVN8HWi0.2","action":"Commit Response", "result":"Success", "context":Result: Success. cV=V91FQKlbrTTMGkOVN8HWi0.0;server=akswtt00800002k;cloudType=Multitenant;environment=Prod_southeastasia_prod-s01-064-apac-southeastasia;migrationStage=NotStarted}
{"logTime": "0527/020853", "correlationVector":"0BcpNYG8jLM6+T9SgvAf5d.1","action":"SyncServerConnectionManagerRequest", "result":"SYNC_SERVER_OK", "context":{"environment":"Prod_southeastasia_prod-s01-065-apac-southeastasia", "migrationStage":"NotStarted", "server":"akswtt00800001q"}}
{"logTime": "0527/020854", "correlationVector":"0BcpNYG8jLM6+T9SgvAf5d.2","action":"AAD.Mip.Unpack", "result":"Success", "context":MIP_CLOUD_COMMERCIAL:Success}
{"logTime": "0527/020854", "correlationVector":"0BcpNYG8jLM6+T9SgvAf5d.3","action":"EncryptionKeysManager::SetEncryptionKeys:", "result":"Success", "context":Key names[1]:[Hzcfl8u0Q1fAKPeZybT2iAiixzSLk5albuPJZtr0qUoQtPPFy1kcqjVMJXKQ+vSxp3mGD5BFRwtKisdaXPSh5w==]}
{"logTime": "0527/020854", "correlationVector":"0BcpNYG8jLM6+T9SgvAf5d.4","action":"AAD.GetKeyResponse", "result":"Success", "context":Keys=1.LastKeyStatus=Active. 2025-04-09 20:51:51 +07.State=None. Tags: Current_encryption_keys_tag = 77+977+9aO+/vXwVUu+/vTTvv70277+9Dirvv73vv73vv71E77+9fe+/vQpg77+9MG7vv70xZjjvv70t, Updated_current_encryption_keys_tag = Empty. Emails: ["fatihfaritshi@student.unp.ac.id"]}
{"logTime": "0527/020854", "correlationVector":"0BcpNYG8jLM6+T9SgvAf5d.5","action":"ProcessGetUpdates", "result":"Done", "context":{"dataType":"Encryption Keys", "deleted":"0", "process_failed_to_decrypt":"0", "process_pending_decryption":"0", "process_success":"1", "total":"1"}}
{"logTime": "0527/020854", "correlationVector":"0BcpNYG8jLM6+T9SgvAf5d","action":"Initial GetUpdates", "result":"", "context":Reason: NEW_CLIENT. cV=0BcpNYG8jLM6+T9SgvAf5d}
{"logTime": "0527/020854", "correlationVector":"0BcpNYG8jLM6+T9SgvAf5d.6","action":"GetUpdates Response", "result":"Success", "context":Received 1 update(s). cV=0BcpNYG8jLM6+T9SgvAf5d.0;server=akswtt00800001q;cloudType=Multitenant;environment=Prod_southeastasia_prod-s01-065-apac-southeastasia;migrationStage=NotStarted}
{"logTime": "0527/020854", "correlationVector":"BzzzTkl2V5jbUPVESSwZWa","action":"Normal GetUpdate request", "result":"", "context":cV=BzzzTkl2V5jbUPVESSwZWa
Nudged types: Sessions, Device Info, History
Refresh requested types: Bookmarks, Preferences, Passwords, Autofill Profiles, Autofill, Extensions, Sessions, Extension settings, History Delete Directives, Device Info, User Consents, Send Tab To Self, Web Apps, History, Saved Tab Group, Collection, Edge E Drop, Edge Hub App Usage, Edge Tab Group, Edge Wallet, Encryption Keys}
{"logTime": "0527/020855", "correlationVector":"BzzzTkl2V5jbUPVESSwZWa.1","action":"SyncServerConnectionManagerRequest", "result":"SYNC_SERVER_OK", "context":{"environment":"Prod_southeastasia_prod-s01-064-apac-southeastasia", "migrationStage":"NotStarted", "server":"akswtt00800002k"}}
{"logTime": "0527/020855", "correlationVector":"BzzzTkl2V5jbUPVESSwZWa.2","action":"ProcessGetUpdates", "result":"Done", "context":{"dataType":"Sessions", "deleted":"0", "process_failed_to_decrypt":"0", "process_pending_decryption":"0", "process_success":"3", "total":"3"}}
{"logTime": "0527/020855", "correlationVector":"BzzzTkl2V5jbUPVESSwZWa.3","action":"ProcessGetUpdates", "result":"Done", "context":{"dataType":"Device Info", "deleted":"0", "process_failed_to_decrypt":"0", "process_pending_decryption":"0", "process_success":"1", "total":"1"}}
{"logTime": "0527/020855", "correlationVector":"BzzzTkl2V5jbUPVESSwZWa.4","action":"ProcessGetUpdates", "result":"Done", "context":{"dataType":"History", "deleted":"0", "process_failed_to_decrypt":"0", "process_pending_decryption":"0", "process_success":"2", "total":"2"}}
{"logTime": "0527/020855", "correlationVector":"BzzzTkl2V5jbUPVESSwZWa.5","action":"GetUpdates Response", "result":"Success", "context":Received 6 update(s). cV=BzzzTkl2V5jbUPVESSwZWa.0;server=akswtt00800002k;cloudType=Multitenant;environment=Prod_southeastasia_prod-s01-064-apac-southeastasia;migrationStage=NotStarted}
{"logTime": "0527/020855", "correlationVector":"FyhF+MVBLXodXZqurXqbPf","action":"Commit Request", "result":"", "context":Item count: 6
Contributing types: Sessions, Device Info, History}
{"logTime": "0527/020855", "correlationVector":"FyhF+MVBLXodXZqurXqbPf.1","action":"SyncServerConnectionManagerRequest", "result":"SYNC_SERVER_OK", "context":{"environment":"Prod_southeastasia_prod-s01-064-apac-southeastasia", "migrationStage":"NotStarted", "server":"akswtt008000015"}}
{"logTime": "0527/020855", "correlationVector":"FyhF+MVBLXodXZqurXqbPf.2","action":"Commit Response", "result":"Success", "context":Result: Success. cV=FyhF+MVBLXodXZqurXqbPf.0;server=akswtt008000015;cloudType=Multitenant;environment=Prod_southeastasia_prod-s01-064-apac-southeastasia;migrationStage=NotStarted}
{"logTime": "0527/020957", "correlationVector":"ITKk2h87vGWYAWiciadaM4","action":"Commit Request", "result":"", "context":Item count: 3
Contributing types: Sessions, History}
{"logTime": "0527/020958", "correlationVector":"ITKk2h87vGWYAWiciadaM4.1","action":"SyncServerConnectionManagerRequest", "result":"SYNC_SERVER_OK", "context":{"environment":"Prod_southeastasia_prod-s01-064-apac-southeastasia", "migrationStage":"NotStarted", "server":"akswtt00800000c"}}
{"logTime": "0527/020958", "correlationVector":"ITKk2h87vGWYAWiciadaM4.2","action":"Commit Response", "result":"Success", "context":Result: Success. cV=ITKk2h87vGWYAWiciadaM4.0;server=akswtt00800000c;cloudType=Multitenant;environment=Prod_southeastasia_prod-s01-064-apac-southeastasia;migrationStage=NotStarted}
{"logTime": "0527/020958", "correlationVector":"ITKk2h87vGWYAWiciadaM4.3","action":"Commit.Sessions", "result":"Success", "context":{"id":"3f2622bb-e430-44a6-a8d6-9b42170b9e66", "isDeleted":"true", "size":"0", "version":"1748311735855"}}
{"logTime": "0527/022425", "correlationVector":"fdSGWbTUhQdaXQwVKAIMPF.1","action":"SyncServerConnectionManagerRequest", "result":"SYNC_SERVER_OK", "context":{"environment":"Prod_southeastasia_prod-s01-064-apac-southeastasia", "migrationStage":"NotStarted", "server":"akswtt00800001u"}}
{"logTime": "0527/022426", "correlationVector":"fdSGWbTUhQdaXQwVKAIMPF.2","action":"AAD.Mip.Unpack", "result":"Success", "context":MIP_CLOUD_COMMERCIAL:Success}
{"logTime": "0527/022426", "correlationVector":"fdSGWbTUhQdaXQwVKAIMPF.3","action":"EncryptionKeysManager::SetEncryptionKeys:", "result":"Success", "context":Key names[1]:[Hzcfl8u0Q1fAKPeZybT2iAiixzSLk5albuPJZtr0qUoQtPPFy1kcqjVMJXKQ+vSxp3mGD5BFRwtKisdaXPSh5w==]}
{"logTime": "0527/022426", "correlationVector":"fdSGWbTUhQdaXQwVKAIMPF.4","action":"AAD.GetKeyResponse", "result":"Success", "context":Keys=1.LastKeyStatus=Active. 2025-04-09 20:51:51 +07.State=None. Tags: Current_encryption_keys_tag = 77+977+9aO+/vXwVUu+/vTTvv70277+9Dirvv73vv73vv71E77+9fe+/vQpg77+9MG7vv70xZjjvv70t, Updated_current_encryption_keys_tag = Empty. Emails: ["fatihfaritshi@student.unp.ac.id"]}
{"logTime": "0527/022426", "correlationVector":"fdSGWbTUhQdaXQwVKAIMPF.5","action":"ProcessGetUpdates", "result":"Done", "context":{"dataType":"Encryption Keys", "deleted":"0", "process_failed_to_decrypt":"0", "process_pending_decryption":"0", "process_success":"1", "total":"1"}}
{"logTime": "0527/022426", "correlationVector":"fdSGWbTUhQdaXQwVKAIMPF","action":"Initial GetUpdates", "result":"", "context":Reason: NEW_CLIENT. cV=fdSGWbTUhQdaXQwVKAIMPF}
{"logTime": "0527/022426", "correlationVector":"fdSGWbTUhQdaXQwVKAIMPF.6","action":"GetUpdates Response", "result":"Success", "context":Received 1 update(s). cV=fdSGWbTUhQdaXQwVKAIMPF.0;server=akswtt00800001u;cloudType=Multitenant;environment=Prod_southeastasia_prod-s01-064-apac-southeastasia;migrationStage=NotStarted}
{"logTime": "0527/022426", "correlationVector":"WcIAagxCE1j8PvFdiXphKZ","action":"Normal GetUpdate request", "result":"", "context":cV=WcIAagxCE1j8PvFdiXphKZ
Nudged types: Sessions, Device Info, History
Refresh requested types: Bookmarks, Preferences, Passwords, Autofill Profiles, Autofill, Extensions, Sessions, Extension settings, History Delete Directives, Device Info, User Consents, Send Tab To Self, Web Apps, History, Saved Tab Group, Collection, Edge E Drop, Edge Hub App Usage, Edge Tab Group, Edge Wallet, Encryption Keys}
{"logTime": "0527/022426", "correlationVector":"WcIAagxCE1j8PvFdiXphKZ.1","action":"SyncServerConnectionManagerRequest", "result":"SYNC_SERVER_OK", "context":{"environment":"Prod_southeastasia_prod-s01-064-apac-southeastasia", "migrationStage":"NotStarted", "server":"akswtt00800002l"}}
{"logTime": "0527/022426", "correlationVector":"WcIAagxCE1j8PvFdiXphKZ.2","action":"ProcessGetUpdates", "result":"Done", "context":{"dataType":"Sessions", "deleted":"1", "process_failed_to_decrypt":"0", "process_pending_decryption":"0", "process_success":"3", "total":"3"}}
{"logTime": "0527/022426", "correlationVector":"WcIAagxCE1j8PvFdiXphKZ.3","action":"ProcessGetUpdates", "result":"Done", "context":{"dataType":"Device Info", "deleted":"0", "process_failed_to_decrypt":"0", "process_pending_decryption":"0", "process_success":"1", "total":"1"}}
{"logTime": "0527/022426", "correlationVector":"WcIAagxCE1j8PvFdiXphKZ.4","action":"ProcessGetUpdates", "result":"Done", "context":{"dataType":"History", "deleted":"0", "process_failed_to_decrypt":"0", "process_pending_decryption":"0", "process_success":"2", "total":"2"}}
{"logTime": "0527/022426", "correlationVector":"WcIAagxCE1j8PvFdiXphKZ.5","action":"GetUpdates Response", "result":"Success", "context":Received 6 update(s). cV=WcIAagxCE1j8PvFdiXphKZ.0;server=akswtt00800002l;cloudType=Multitenant;environment=Prod_southeastasia_prod-s01-064-apac-southeastasia;migrationStage=NotStarted}
{"logTime": "0527/022427", "correlationVector":"GEFVTS7pbqTU2llIa2p+Pa","action":"Commit Request", "result":"", "context":Item count: 6
Contributing types: Sessions, Device Info, History}
{"logTime": "0527/022447", "correlationVector":"GEFVTS7pbqTU2llIa2p+Pa.1","action":"SyncServerConnectionManagerRequest", "result":"SYNC_SERVER_OK", "context":{"environment":"Prod_southeastasia_prod-s01-064-apac-southeastasia", "migrationStage":"NotStarted", "server":"akswtt008000003"}}
{"logTime": "0527/022447", "correlationVector":"GEFVTS7pbqTU2llIa2p+Pa.2","action":"Commit Response", "result":"Success", "context":Result: Success. cV=GEFVTS7pbqTU2llIa2p+Pa.0;server=akswtt008000003;cloudType=Multitenant;environment=Prod_southeastasia_prod-s01-064-apac-southeastasia;migrationStage=NotStarted}
{"logTime": "0527/022447", "correlationVector":"fsqZ7qvc6QDg3aeCW/sPB1","action":"Commit Request", "result":"", "context":Item count: 2
Contributing types: Sessions, History}
{"logTime": "0527/022448", "correlationVector":"fsqZ7qvc6QDg3aeCW/sPB1.1","action":"SyncServerConnectionManagerRequest", "result":"SYNC_SERVER_OK", "context":{"environment":"Prod_southeastasia_prod-s01-065-apac-southeastasia", "migrationStage":"NotStarted", "server":"akswtt00800003t"}}
{"logTime": "0527/022448", "correlationVector":"fsqZ7qvc6QDg3aeCW/sPB1.2","action":"Commit Response", "result":"Success", "context":Result: Success. cV=fsqZ7qvc6QDg3aeCW/sPB1.0;server=akswtt00800003t;cloudType=Multitenant;environment=Prod_southeastasia_prod-s01-065-apac-southeastasia;migrationStage=NotStarted}
{"logTime": "0527/031331", "correlationVector":"zd4esDt5QoiSk9uafxHxzP.1","action":"SyncServerConnectionManagerRequest", "result":"SYNC_SERVER_OK", "context":{"environment":"Prod_southeastasia_prod-s01-065-apac-southeastasia", "migrationStage":"NotStarted", "server":"akswtt00800000p"}}
{"logTime": "0527/031333", "correlationVector":"zd4esDt5QoiSk9uafxHxzP.2","action":"AAD.Mip.Unpack", "result":"Success", "context":MIP_CLOUD_COMMERCIAL:Success}
{"logTime": "0527/031333", "correlationVector":"zd4esDt5QoiSk9uafxHxzP.3","action":"EncryptionKeysManager::SetEncryptionKeys:", "result":"Success", "context":Key names[1]:[Hzcfl8u0Q1fAKPeZybT2iAiixzSLk5albuPJZtr0qUoQtPPFy1kcqjVMJXKQ+vSxp3mGD5BFRwtKisdaXPSh5w==]}
{"logTime": "0527/031333", "correlationVector":"zd4esDt5QoiSk9uafxHxzP.4","action":"AAD.GetKeyResponse", "result":"Success", "context":Keys=1.LastKeyStatus=Active. 2025-04-09 20:51:51 +07.State=None. Tags: Current_encryption_keys_tag = 77+977+9aO+/vXwVUu+/vTTvv70277+9Dirvv73vv73vv71E77+9fe+/vQpg77+9MG7vv70xZjjvv70t, Updated_current_encryption_keys_tag = Empty. Emails: ["fatihfaritshi@student.unp.ac.id"]}
{"logTime": "0527/031333", "correlationVector":"zd4esDt5QoiSk9uafxHxzP.5","action":"ProcessGetUpdates", "result":"Done", "context":{"dataType":"Encryption Keys", "deleted":"0", "process_failed_to_decrypt":"0", "process_pending_decryption":"0", "process_success":"1", "total":"1"}}
{"logTime": "0527/031333", "correlationVector":"zd4esDt5QoiSk9uafxHxzP","action":"Initial GetUpdates", "result":"", "context":Reason: NEW_CLIENT. cV=zd4esDt5QoiSk9uafxHxzP}
{"logTime": "0527/031333", "correlationVector":"zd4esDt5QoiSk9uafxHxzP.6","action":"GetUpdates Response", "result":"Success", "context":Received 1 update(s). cV=zd4esDt5QoiSk9uafxHxzP.0;server=akswtt00800000p;cloudType=Multitenant;environment=Prod_southeastasia_prod-s01-065-apac-southeastasia;migrationStage=NotStarted}
{"logTime": "0527/031333", "correlationVector":"3Owi3TtCcrUmy/9py4DWaS","action":"Normal GetUpdate request", "result":"", "context":cV=3Owi3TtCcrUmy/9py4DWaS
Nudged types: Sessions, Device Info, History
Refresh requested types: Bookmarks, Preferences, Passwords, Autofill Profiles, Autofill, Extensions, Sessions, Extension settings, History Delete Directives, Device Info, User Consents, Send Tab To Self, Web Apps, History, Saved Tab Group, Collection, Edge E Drop, Edge Hub App Usage, Edge Tab Group, Edge Wallet, Encryption Keys}
{"logTime": "0527/031334", "correlationVector":"3Owi3TtCcrUmy/9py4DWaS.1","action":"SyncServerConnectionManagerRequest", "result":"SYNC_SERVER_OK", "context":{"environment":"Prod_southeastasia_prod-s01-065-apac-southeastasia", "migrationStage":"NotStarted", "server":"akswtt00800002a"}}
{"logTime": "0527/031334", "correlationVector":"3Owi3TtCcrUmy/9py4DWaS.2","action":"ProcessGetUpdates", "result":"Done", "context":{"dataType":"Sessions", "deleted":"0", "process_failed_to_decrypt":"0", "process_pending_decryption":"0", "process_success":"3", "total":"3"}}
{"logTime": "0527/031334", "correlationVector":"3Owi3TtCcrUmy/9py4DWaS.3","action":"ProcessGetUpdates", "result":"Done", "context":{"dataType":"Device Info", "deleted":"0", "process_failed_to_decrypt":"0", "process_pending_decryption":"0", "process_success":"1", "total":"1"}}
{"logTime": "0527/031334", "correlationVector":"3Owi3TtCcrUmy/9py4DWaS.4","action":"ProcessGetUpdates", "result":"Done", "context":{"dataType":"History", "deleted":"0", "process_failed_to_decrypt":"0", "process_pending_decryption":"0", "process_success":"2", "total":"2"}}
{"logTime": "0527/031334", "correlationVector":"3Owi3TtCcrUmy/9py4DWaS.5","action":"GetUpdates Response", "result":"Success", "context":Received 6 update(s). cV=3Owi3TtCcrUmy/9py4DWaS.0;server=akswtt00800002a;cloudType=Multitenant;environment=Prod_southeastasia_prod-s01-065-apac-southeastasia;migrationStage=NotStarted}
{"logTime": "0527/031334", "correlationVector":"qtX97L/N8ncttOFcBH0xY0","action":"Commit Request", "result":"", "context":Item count: 6
Contributing types: Sessions, Device Info, History}
{"logTime": "0527/031335", "correlationVector":"qtX97L/N8ncttOFcBH0xY0.1","action":"SyncServerConnectionManagerRequest", "result":"SYNC_SERVER_OK", "context":{"environment":"Prod_southeastasia_prod-s01-065-apac-southeastasia", "migrationStage":"NotStarted", "server":"akswtt00800000z"}}
{"logTime": "0527/031335", "correlationVector":"qtX97L/N8ncttOFcBH0xY0.2","action":"Commit Response", "result":"Success", "context":Result: Success. cV=qtX97L/N8ncttOFcBH0xY0.0;server=akswtt00800000z;cloudType=Multitenant;environment=Prod_southeastasia_prod-s01-065-apac-southeastasia;migrationStage=NotStarted}
{"logTime": "0527/031335", "correlationVector":"qtX97L/N8ncttOFcBH0xY0.3","action":"Commit.Sessions", "result":"Success", "context":{"id":"b6303c7f-81a0-4c6a-89c0-f9288e67870a", "isDeleted":"true", "size":"0", "version":"1748312688727"}}
{"logTime": "0527/033856", "correlationVector":"S2jVPnTux6jVzfUJCugkm5.0","action":"SyncServerConnectionManagerRequest", "result":"SYNC_SERVER_ERROR", "context":{"environment":"", "error_type":"http_status_code", "error_value":"503", "migrationStage":"", "server":""}}
{"logTime": "0527/033942", "correlationVector":"2PFw8lZSMVEGee2g9GKh6o.1","action":"SyncServerConnectionManagerRequest", "result":"SYNC_SERVER_OK", "context":{"environment":"Prod_southeastasia_prod-s01-065-apac-southeastasia", "migrationStage":"NotStarted", "server":"akswtt008000012"}}
{"logTime": "0527/033945", "correlationVector":"2PFw8lZSMVEGee2g9GKh6o.2","action":"AAD.Mip.Unpack", "result":"Success", "context":MIP_CLOUD_COMMERCIAL:Success}
{"logTime": "0527/033945", "correlationVector":"2PFw8lZSMVEGee2g9GKh6o.3","action":"EncryptionKeysManager::SetEncryptionKeys:", "result":"Success", "context":Key names[1]:[Hzcfl8u0Q1fAKPeZybT2iAiixzSLk5albuPJZtr0qUoQtPPFy1kcqjVMJXKQ+vSxp3mGD5BFRwtKisdaXPSh5w==]}
{"logTime": "0527/033945", "correlationVector":"2PFw8lZSMVEGee2g9GKh6o.4","action":"AAD.GetKeyResponse", "result":"Success", "context":Keys=1.LastKeyStatus=Active. 2025-04-09 20:51:51 +07.State=None. Tags: Current_encryption_keys_tag = 77+977+9aO+/vXwVUu+/vTTvv70277+9Dirvv73vv73vv71E77+9fe+/vQpg77+9MG7vv70xZjjvv70t, Updated_current_encryption_keys_tag = Empty. Emails: ["fatihfaritshi@student.unp.ac.id"]}
{"logTime": "0527/033945", "correlationVector":"2PFw8lZSMVEGee2g9GKh6o.5","action":"ProcessGetUpdates", "result":"Done", "context":{"dataType":"Encryption Keys", "deleted":"0", "process_failed_to_decrypt":"0", "process_pending_decryption":"0", "process_success":"1", "total":"1"}}
{"logTime": "0527/033945", "correlationVector":"S2jVPnTux6jVzfUJCugkm5","action":"Initial GetUpdates", "result":"", "context":Reason: NEW_CLIENT. cV=S2jVPnTux6jVzfUJCugkm5}
{"logTime": "0527/033945", "correlationVector":"S2jVPnTux6jVzfUJCugkm5.1","action":"GetUpdates Response", "result":"HTTP error (503)", "context":Received error: HTTP error (503). }
{"logTime": "0527/033945", "correlationVector":"2PFw8lZSMVEGee2g9GKh6o","action":"Initial GetUpdates", "result":"", "context":Reason: NEW_CLIENT. cV=2PFw8lZSMVEGee2g9GKh6o}
{"logTime": "0527/033945", "correlationVector":"2PFw8lZSMVEGee2g9GKh6o.6","action":"GetUpdates Response", "result":"Success", "context":Received 1 update(s). cV=2PFw8lZSMVEGee2g9GKh6o.0;server=akswtt008000012;cloudType=Multitenant;environment=Prod_southeastasia_prod-s01-065-apac-southeastasia;migrationStage=NotStarted}
{"logTime": "0527/033945", "correlationVector":"CMeaJ3AoWVbdDmGVBCPFPe","action":"Normal GetUpdate request", "result":"", "context":cV=CMeaJ3AoWVbdDmGVBCPFPe
Nudged types: Sessions, Device Info, History
Refresh requested types: Bookmarks, Preferences, Passwords, Autofill Profiles, Autofill, Extensions, Sessions, Extension settings, History Delete Directives, Device Info, User Consents, Send Tab To Self, Web Apps, History, Saved Tab Group, Collection, Edge E Drop, Edge Hub App Usage, Edge Tab Group, Edge Wallet, Encryption Keys}
{"logTime": "0527/033945", "correlationVector":"CMeaJ3AoWVbdDmGVBCPFPe.1","action":"SyncServerConnectionManagerRequest", "result":"SYNC_SERVER_OK", "context":{"environment":"Prod_southeastasia_prod-s01-065-apac-southeastasia", "migrationStage":"NotStarted", "server":"akswtt00800001k"}}
{"logTime": "0527/033945", "correlationVector":"CMeaJ3AoWVbdDmGVBCPFPe.2","action":"ProcessGetUpdates", "result":"Done", "context":{"dataType":"Sessions", "deleted":"1", "process_failed_to_decrypt":"0", "process_pending_decryption":"0", "process_success":"3", "total":"3"}}
{"logTime": "0527/033945", "correlationVector":"CMeaJ3AoWVbdDmGVBCPFPe.3","action":"ProcessGetUpdates", "result":"Done", "context":{"dataType":"Device Info", "deleted":"0", "process_failed_to_decrypt":"0", "process_pending_decryption":"0", "process_success":"1", "total":"1"}}
{"logTime": "0527/033945", "correlationVector":"CMeaJ3AoWVbdDmGVBCPFPe.4","action":"ProcessGetUpdates", "result":"Done", "context":{"dataType":"History", "deleted":"0", "process_failed_to_decrypt":"0", "process_pending_decryption":"0", "process_success":"2", "total":"2"}}
{"logTime": "0527/033945", "correlationVector":"CMeaJ3AoWVbdDmGVBCPFPe.5","action":"GetUpdates Response", "result":"Success", "context":Received 6 update(s). cV=CMeaJ3AoWVbdDmGVBCPFPe.0;server=akswtt00800001k;cloudType=Multitenant;environment=Prod_southeastasia_prod-s01-065-apac-southeastasia;migrationStage=NotStarted}
{"logTime": "0527/033945", "correlationVector":"fpWwogwDZrH+CvMwFKKK3Z","action":"Commit Request", "result":"", "context":Item count: 6
Contributing types: Sessions, Device Info, History}
{"logTime": "0527/033946", "correlationVector":"fpWwogwDZrH+CvMwFKKK3Z.1","action":"SyncServerConnectionManagerRequest", "result":"SYNC_SERVER_OK", "context":{"environment":"Prod_southeastasia_prod-s01-065-apac-southeastasia", "migrationStage":"NotStarted", "server":"akswtt00800001p"}}
{"logTime": "0527/033946", "correlationVector":"fpWwogwDZrH+CvMwFKKK3Z.2","action":"Commit Response", "result":"Success", "context":Result: Success. cV=fpWwogwDZrH+CvMwFKKK3Z.0;server=akswtt00800001p;cloudType=Multitenant;environment=Prod_southeastasia_prod-s01-065-apac-southeastasia;migrationStage=NotStarted}
{"logTime": "0527/033946", "correlationVector":"fpWwogwDZrH+CvMwFKKK3Z.3","action":"Commit.Sessions", "result":"Success", "context":{"id":"ffc55627-9c31-412d-baeb-9dcb72b750df", "isDeleted":"true", "size":"0", "version":"1748315615163"}}
{"logTime": "0527/034424", "correlationVector":"a1rSJ+kl04hyBtYIp56qs3.1","action":"SyncServerConnectionManagerRequest", "result":"SYNC_SERVER_OK", "context":{"environment":"Prod_southeastasia_prod-s01-065-apac-southeastasia", "migrationStage":"NotStarted", "server":"akswtt008000011"}}
{"logTime": "0527/034425", "correlationVector":"a1rSJ+kl04hyBtYIp56qs3.2","action":"AAD.Mip.Unpack", "result":"Success", "context":MIP_CLOUD_COMMERCIAL:Success}
{"logTime": "0527/034425", "correlationVector":"a1rSJ+kl04hyBtYIp56qs3.3","action":"EncryptionKeysManager::SetEncryptionKeys:", "result":"Success", "context":Key names[1]:[Hzcfl8u0Q1fAKPeZybT2iAiixzSLk5albuPJZtr0qUoQtPPFy1kcqjVMJXKQ+vSxp3mGD5BFRwtKisdaXPSh5w==]}
{"logTime": "0527/034425", "correlationVector":"a1rSJ+kl04hyBtYIp56qs3.4","action":"AAD.GetKeyResponse", "result":"Success", "context":Keys=1.LastKeyStatus=Active. 2025-04-09 20:51:51 +07.State=None. Tags: Current_encryption_keys_tag = 77+977+9aO+/vXwVUu+/vTTvv70277+9Dirvv73vv73vv71E77+9fe+/vQpg77+9MG7vv70xZjjvv70t, Updated_current_encryption_keys_tag = Empty. Emails: ["fatihfaritshi@student.unp.ac.id"]}
{"logTime": "0527/034425", "correlationVector":"a1rSJ+kl04hyBtYIp56qs3.5","action":"ProcessGetUpdates", "result":"Done", "context":{"dataType":"Encryption Keys", "deleted":"0", "process_failed_to_decrypt":"0", "process_pending_decryption":"0", "process_success":"1", "total":"1"}}
{"logTime": "0527/034425", "correlationVector":"a1rSJ+kl04hyBtYIp56qs3","action":"Initial GetUpdates", "result":"", "context":Reason: NEW_CLIENT. cV=a1rSJ+kl04hyBtYIp56qs3}
{"logTime": "0527/034425", "correlationVector":"a1rSJ+kl04hyBtYIp56qs3.6","action":"GetUpdates Response", "result":"Success", "context":Received 1 update(s). cV=a1rSJ+kl04hyBtYIp56qs3.0;server=akswtt008000011;cloudType=Multitenant;environment=Prod_southeastasia_prod-s01-065-apac-southeastasia;migrationStage=NotStarted}
{"logTime": "0527/034425", "correlationVector":"c9mRpKRqyv7Fq4ywJBd8k+","action":"Normal GetUpdate request", "result":"", "context":cV=c9mRpKRqyv7Fq4ywJBd8k+
Nudged types: Sessions, Device Info, History
Refresh requested types: Bookmarks, Preferences, Passwords, Autofill Profiles, Autofill, Extensions, Sessions, Extension settings, History Delete Directives, Device Info, User Consents, Send Tab To Self, Web Apps, History, Saved Tab Group, Collection, Edge E Drop, Edge Hub App Usage, Edge Tab Group, Edge Wallet, Encryption Keys}
{"logTime": "0527/034425", "correlationVector":"c9mRpKRqyv7Fq4ywJBd8k+.1","action":"SyncServerConnectionManagerRequest", "result":"SYNC_SERVER_OK", "context":{"environment":"Prod_southeastasia_prod-s01-065-apac-southeastasia", "migrationStage":"NotStarted", "server":"akswtt008000013"}}
{"logTime": "0527/034425", "correlationVector":"c9mRpKRqyv7Fq4ywJBd8k+.2","action":"ProcessGetUpdates", "result":"Done", "context":{"dataType":"Sessions", "deleted":"1", "process_failed_to_decrypt":"0", "process_pending_decryption":"0", "process_success":"3", "total":"3"}}
{"logTime": "0527/034425", "correlationVector":"c9mRpKRqyv7Fq4ywJBd8k+.3","action":"ProcessGetUpdates", "result":"Done", "context":{"dataType":"Device Info", "deleted":"0", "process_failed_to_decrypt":"0", "process_pending_decryption":"0", "process_success":"1", "total":"1"}}
{"logTime": "0527/034425", "correlationVector":"c9mRpKRqyv7Fq4ywJBd8k+.4","action":"ProcessGetUpdates", "result":"Done", "context":{"dataType":"History", "deleted":"0", "process_failed_to_decrypt":"0", "process_pending_decryption":"0", "process_success":"2", "total":"2"}}
{"logTime": "0527/034425", "correlationVector":"c9mRpKRqyv7Fq4ywJBd8k+.5","action":"GetUpdates Response", "result":"Success", "context":Received 6 update(s). cV=c9mRpKRqyv7Fq4ywJBd8k+.0;server=akswtt008000013;cloudType=Multitenant;environment=Prod_southeastasia_prod-s01-065-apac-southeastasia;migrationStage=NotStarted}
{"logTime": "0527/034425", "correlationVector":"E80HymaUYqFPEBDx3VdOBb","action":"Commit Request", "result":"", "context":Item count: 5
Contributing types: Sessions, Device Info, History}
{"logTime": "0527/034446", "correlationVector":"E80HymaUYqFPEBDx3VdOBb.1","action":"SyncServerConnectionManagerRequest", "result":"SYNC_SERVER_OK", "context":{"environment":"Prod_southeastasia_prod-s01-064-apac-southeastasia", "migrationStage":"NotStarted", "server":"akswtt00800002w"}}
{"logTime": "0527/034446", "correlationVector":"E80HymaUYqFPEBDx3VdOBb.2","action":"Commit Response", "result":"Success", "context":Result: Success. cV=E80HymaUYqFPEBDx3VdOBb.0;server=akswtt00800002w;cloudType=Multitenant;environment=Prod_southeastasia_prod-s01-064-apac-southeastasia;migrationStage=NotStarted}
{"logTime": "0527/034446", "correlationVector":"E80HymaUYqFPEBDx3VdOBb.3","action":"Commit.Sessions", "result":"Success", "context":{"id":"a9f78b78-570a-4af9-bdee-b3734b8fc5f0", "isDeleted":"true", "size":"0", "version":"1748317186443"}}
{"logTime": "0527/034446", "correlationVector":"u8VpATopcSK3qGS7fWdQgo","action":"Commit Request", "result":"", "context":Item count: 2
Contributing types: Sessions, History}
{"logTime": "0527/034447", "correlationVector":"u8VpATopcSK3qGS7fWdQgo.1","action":"SyncServerConnectionManagerRequest", "result":"SYNC_SERVER_OK", "context":{"environment":"Prod_southeastasia_prod-s01-064-apac-southeastasia", "migrationStage":"NotStarted", "server":"akswtt008000024"}}
{"logTime": "0527/034447", "correlationVector":"u8VpATopcSK3qGS7fWdQgo.2","action":"Commit Response", "result":"Success", "context":Result: Success. cV=u8VpATopcSK3qGS7fWdQgo.0;server=akswtt008000024;cloudType=Multitenant;environment=Prod_southeastasia_prod-s01-064-apac-southeastasia;migrationStage=NotStarted}
{"logTime": "0527/034705", "correlationVector":"AITbwj80evdpIghWxBn/nE.1","action":"SyncServerConnectionManagerRequest", "result":"SYNC_SERVER_OK", "context":{"environment":"Prod_southeastasia_prod-s01-065-apac-southeastasia", "migrationStage":"NotStarted", "server":"akswtt00800002a"}}
{"logTime": "0527/034708", "correlationVector":"AITbwj80evdpIghWxBn/nE.2","action":"AAD.Mip.Unpack", "result":"Success", "context":MIP_CLOUD_COMMERCIAL:Success}
{"logTime": "0527/034708", "correlationVector":"AITbwj80evdpIghWxBn/nE.3","action":"EncryptionKeysManager::SetEncryptionKeys:", "result":"Success", "context":Key names[1]:[Hzcfl8u0Q1fAKPeZybT2iAiixzSLk5albuPJZtr0qUoQtPPFy1kcqjVMJXKQ+vSxp3mGD5BFRwtKisdaXPSh5w==]}
{"logTime": "0527/034708", "correlationVector":"AITbwj80evdpIghWxBn/nE.4","action":"AAD.GetKeyResponse", "result":"Success", "context":Keys=1.LastKeyStatus=Active. 2025-04-09 20:51:51 +07.State=None. Tags: Current_encryption_keys_tag = 77+977+9aO+/vXwVUu+/vTTvv70277+9Dirvv73vv73vv71E77+9fe+/vQpg77+9MG7vv70xZjjvv70t, Updated_current_encryption_keys_tag = Empty. Emails: ["fatihfaritshi@student.unp.ac.id"]}
{"logTime": "0527/034708", "correlationVector":"AITbwj80evdpIghWxBn/nE.5","action":"ProcessGetUpdates", "result":"Done", "context":{"dataType":"Encryption Keys", "deleted":"0", "process_failed_to_decrypt":"0", "process_pending_decryption":"0", "process_success":"1", "total":"1"}}
{"logTime": "0527/034708", "correlationVector":"AITbwj80evdpIghWxBn/nE","action":"Initial GetUpdates", "result":"", "context":Reason: NEW_CLIENT. cV=AITbwj80evdpIghWxBn/nE}
{"logTime": "0527/034708", "correlationVector":"AITbwj80evdpIghWxBn/nE.6","action":"GetUpdates Response", "result":"Success", "context":Received 1 update(s). cV=AITbwj80evdpIghWxBn/nE.0;server=akswtt00800002a;cloudType=Multitenant;environment=Prod_southeastasia_prod-s01-065-apac-southeastasia;migrationStage=NotStarted}
{"logTime": "0527/034708", "correlationVector":"reOUcubUBKWmSBl6rCoFt2","action":"Normal GetUpdate request", "result":"", "context":cV=reOUcubUBKWmSBl6rCoFt2
Nudged types: Sessions, Device Info, History
Refresh requested types: Bookmarks, Preferences, Passwords, Autofill Profiles, Autofill, Extensions, Sessions, Extension settings, History Delete Directives, Device Info, User Consents, Send Tab To Self, Web Apps, History, Saved Tab Group, Collection, Edge E Drop, Edge Hub App Usage, Edge Tab Group, Edge Wallet, Encryption Keys}
{"logTime": "0527/034708", "correlationVector":"reOUcubUBKWmSBl6rCoFt2.1","action":"SyncServerConnectionManagerRequest", "result":"SYNC_SERVER_OK", "context":{"environment":"Prod_southeastasia_prod-s01-064-apac-southeastasia", "migrationStage":"NotStarted", "server":"akswtt008000019"}}
{"logTime": "0527/034708", "correlationVector":"reOUcubUBKWmSBl6rCoFt2.2","action":"ProcessGetUpdates", "result":"Done", "context":{"dataType":"Sessions", "deleted":"1", "process_failed_to_decrypt":"0", "process_pending_decryption":"0", "process_success":"3", "total":"3"}}
{"logTime": "0527/034708", "correlationVector":"reOUcubUBKWmSBl6rCoFt2.3","action":"ProcessGetUpdates", "result":"Done", "context":{"dataType":"Device Info", "deleted":"0", "process_failed_to_decrypt":"0", "process_pending_decryption":"0", "process_success":"1", "total":"1"}}
{"logTime": "0527/034708", "correlationVector":"reOUcubUBKWmSBl6rCoFt2.4","action":"ProcessGetUpdates", "result":"Done", "context":{"dataType":"History", "deleted":"0", "process_failed_to_decrypt":"0", "process_pending_decryption":"0", "process_success":"2", "total":"2"}}
{"logTime": "0527/034708", "correlationVector":"reOUcubUBKWmSBl6rCoFt2.5","action":"GetUpdates Response", "result":"Success", "context":Received 6 update(s). cV=reOUcubUBKWmSBl6rCoFt2.0;server=akswtt008000019;cloudType=Multitenant;environment=Prod_southeastasia_prod-s01-064-apac-southeastasia;migrationStage=NotStarted}
{"logTime": "0527/034708", "correlationVector":"KhCn5OlwSyC6ZmpsoChI9r","action":"Commit Request", "result":"", "context":Item count: 6
Contributing types: Sessions, Device Info, History}
{"logTime": "0527/034709", "correlationVector":"KhCn5OlwSyC6ZmpsoChI9r.1","action":"SyncServerConnectionManagerRequest", "result":"SYNC_SERVER_OK", "context":{"environment":"Prod_southeastasia_prod-s01-064-apac-southeastasia", "migrationStage":"NotStarted", "server":"akswtt00800000k"}}
{"logTime": "0527/034709", "correlationVector":"KhCn5OlwSyC6ZmpsoChI9r.3","action":"Commit.Sessions", "result":"Success", "context":{"id":"3bd50ffc-b6db-4dda-baa5-f02deecb4597", "isDeleted":"true", "size":"0", "version":"1748317487594"}}
{"logTime": "0527/034709", "correlationVector":"KhCn5OlwSyC6ZmpsoChI9r.2","action":"Commit Response", "result":"Success", "context":Result: Success. cV=KhCn5OlwSyC6ZmpsoChI9r.0;server=akswtt00800000k;cloudType=Multitenant;environment=Prod_southeastasia_prod-s01-064-apac-southeastasia;migrationStage=NotStarted}
{"logTime": "0527/035345", "correlationVector":"7NwASJr0CSbALIO0DVJqdw.1","action":"SyncServerConnectionManagerRequest", "result":"SYNC_SERVER_OK", "context":{"environment":"Prod_southeastasia_prod-s01-064-apac-southeastasia", "migrationStage":"NotStarted", "server":"akswtt00800000i"}}
{"logTime": "0527/035405", "correlationVector":"7NwASJr0CSbALIO0DVJqdw.2","action":"AAD.Mip.Unpack", "result":"Success", "context":MIP_CLOUD_COMMERCIAL:Success}
{"logTime": "0527/035405", "correlationVector":"7NwASJr0CSbALIO0DVJqdw.3","action":"EncryptionKeysManager::SetEncryptionKeys:", "result":"Success", "context":Key names[1]:[Hzcfl8u0Q1fAKPeZybT2iAiixzSLk5albuPJZtr0qUoQtPPFy1kcqjVMJXKQ+vSxp3mGD5BFRwtKisdaXPSh5w==]}
{"logTime": "0527/035405", "correlationVector":"7NwASJr0CSbALIO0DVJqdw.4","action":"AAD.GetKeyResponse", "result":"Success", "context":Keys=1.LastKeyStatus=Active. 2025-04-09 20:51:51 +07.State=None. Tags: Current_encryption_keys_tag = 77+977+9aO+/vXwVUu+/vTTvv70277+9Dirvv73vv73vv71E77+9fe+/vQpg77+9MG7vv70xZjjvv70t, Updated_current_encryption_keys_tag = Empty. Emails: ["fatihfaritshi@student.unp.ac.id"]}
{"logTime": "0527/035405", "correlationVector":"7NwASJr0CSbALIO0DVJqdw.5","action":"ProcessGetUpdates", "result":"Done", "context":{"dataType":"Encryption Keys", "deleted":"0", "process_failed_to_decrypt":"0", "process_pending_decryption":"0", "process_success":"1", "total":"1"}}
{"logTime": "0527/035405", "correlationVector":"7NwASJr0CSbALIO0DVJqdw","action":"Initial GetUpdates", "result":"", "context":Reason: NEW_CLIENT. cV=7NwASJr0CSbALIO0DVJqdw}
{"logTime": "0527/035405", "correlationVector":"7NwASJr0CSbALIO0DVJqdw.6","action":"GetUpdates Response", "result":"Success", "context":Received 1 update(s). cV=7NwASJr0CSbALIO0DVJqdw.0;server=akswtt00800000i;cloudType=Multitenant;environment=Prod_southeastasia_prod-s01-064-apac-southeastasia;migrationStage=NotStarted}
{"logTime": "0527/035405", "correlationVector":"yEhLmHnx23ubd2WuhOcSpu","action":"Normal GetUpdate request", "result":"", "context":cV=yEhLmHnx23ubd2WuhOcSpu
Nudged types: Sessions, Device Info, History
Refresh requested types: Bookmarks, Preferences, Passwords, Autofill Profiles, Autofill, Extensions, Sessions, Extension settings, History Delete Directives, Device Info, User Consents, Send Tab To Self, Web Apps, History, Saved Tab Group, Collection, Edge E Drop, Edge Hub App Usage, Edge Tab Group, Edge Wallet, Encryption Keys}
{"logTime": "0527/035409", "correlationVector":"yEhLmHnx23ubd2WuhOcSpu.1","action":"SyncServerConnectionManagerRequest", "result":"SYNC_SERVER_OK", "context":{"environment":"Prod_southeastasia_prod-s01-064-apac-southeastasia", "migrationStage":"NotStarted", "server":"akswtt00800001w"}}
{"logTime": "0527/035409", "correlationVector":"yEhLmHnx23ubd2WuhOcSpu.2","action":"ProcessGetUpdates", "result":"Done", "context":{"dataType":"Sessions", "deleted":"1", "process_failed_to_decrypt":"0", "process_pending_decryption":"0", "process_success":"3", "total":"3"}}
{"logTime": "0527/035409", "correlationVector":"yEhLmHnx23ubd2WuhOcSpu.3","action":"ProcessGetUpdates", "result":"Done", "context":{"dataType":"Device Info", "deleted":"0", "process_failed_to_decrypt":"0", "process_pending_decryption":"0", "process_success":"1", "total":"1"}}
{"logTime": "0527/035409", "correlationVector":"yEhLmHnx23ubd2WuhOcSpu.4","action":"ProcessGetUpdates", "result":"Done", "context":{"dataType":"History", "deleted":"0", "process_failed_to_decrypt":"0", "process_pending_decryption":"0", "process_success":"2", "total":"2"}}
{"logTime": "0527/035409", "correlationVector":"yEhLmHnx23ubd2WuhOcSpu.5","action":"GetUpdates Response", "result":"Success", "context":Received 6 update(s). cV=yEhLmHnx23ubd2WuhOcSpu.0;server=akswtt00800001w;cloudType=Multitenant;environment=Prod_southeastasia_prod-s01-064-apac-southeastasia;migrationStage=NotStarted}
{"logTime": "0527/035409", "correlationVector":"6tqsMqHmDhx6z8t8rDyHG2","action":"Commit Request", "result":"", "context":Item count: 6
Contributing types: Sessions, Device Info, History}
{"logTime": "0527/035410", "correlationVector":"6tqsMqHmDhx6z8t8rDyHG2.1","action":"SyncServerConnectionManagerRequest", "result":"SYNC_SERVER_OK", "context":{"environment":"Prod_southeastasia_prod-s01-065-apac-southeastasia", "migrationStage":"NotStarted", "server":"akswtt00800000w"}}
{"logTime": "0527/035410", "correlationVector":"6tqsMqHmDhx6z8t8rDyHG2.2","action":"Commit Response", "result":"Success", "context":Result: Success. cV=6tqsMqHmDhx6z8t8rDyHG2.0;server=akswtt00800000w;cloudType=Multitenant;environment=Prod_southeastasia_prod-s01-065-apac-southeastasia;migrationStage=NotStarted}
{"logTime": "0527/035410", "correlationVector":"6tqsMqHmDhx6z8t8rDyHG2.3","action":"Commit.Sessions", "result":"Success", "context":{"id":"73bb80c5-bd8f-4e64-959a-adebbd062b95", "isDeleted":"true", "size":"0", "version":"1748317629287"}}
{"logTime": "0527/040426", "correlationVector":"p7TiDkdW+K7eeX7JzSOc/e.1","action":"SyncServerConnectionManagerRequest", "result":"SYNC_SERVER_OK", "context":{"environment":"Prod_southeastasia_prod-s01-064-apac-southeastasia", "migrationStage":"NotStarted", "server":"akswtt00800001h"}}
{"logTime": "0527/040427", "correlationVector":"p7TiDkdW+K7eeX7JzSOc/e.2","action":"AAD.Mip.Unpack", "result":"Success", "context":MIP_CLOUD_COMMERCIAL:Success}
{"logTime": "0527/040427", "correlationVector":"p7TiDkdW+K7eeX7JzSOc/e.3","action":"EncryptionKeysManager::SetEncryptionKeys:", "result":"Success", "context":Key names[1]:[Hzcfl8u0Q1fAKPeZybT2iAiixzSLk5albuPJZtr0qUoQtPPFy1kcqjVMJXKQ+vSxp3mGD5BFRwtKisdaXPSh5w==]}
{"logTime": "0527/040427", "correlationVector":"p7TiDkdW+K7eeX7JzSOc/e.4","action":"AAD.GetKeyResponse", "result":"Success", "context":Keys=1.LastKeyStatus=Active. 2025-04-09 20:51:51 +07.State=None. Tags: Current_encryption_keys_tag = 77+977+9aO+/vXwVUu+/vTTvv70277+9Dirvv73vv73vv71E77+9fe+/vQpg77+9MG7vv70xZjjvv70t, Updated_current_encryption_keys_tag = Empty. Emails: ["fatihfaritshi@student.unp.ac.id"]}
{"logTime": "0527/040427", "correlationVector":"p7TiDkdW+K7eeX7JzSOc/e.5","action":"ProcessGetUpdates", "result":"Done", "context":{"dataType":"Encryption Keys", "deleted":"0", "process_failed_to_decrypt":"0", "process_pending_decryption":"0", "process_success":"1", "total":"1"}}
{"logTime": "0527/040427", "correlationVector":"p7TiDkdW+K7eeX7JzSOc/e","action":"Initial GetUpdates", "result":"", "context":Reason: NEW_CLIENT. cV=p7TiDkdW+K7eeX7JzSOc/e}
{"logTime": "0527/040427", "correlationVector":"p7TiDkdW+K7eeX7JzSOc/e.6","action":"GetUpdates Response", "result":"Success", "context":Received 1 update(s). cV=p7TiDkdW+K7eeX7JzSOc/e.0;server=akswtt00800001h;cloudType=Multitenant;environment=Prod_southeastasia_prod-s01-064-apac-southeastasia;migrationStage=NotStarted}
{"logTime": "0527/040427", "correlationVector":"Mj9P2+6XkHg7eYmXZ8oz/o","action":"Normal GetUpdate request", "result":"", "context":cV=Mj9P2+6XkHg7eYmXZ8oz/o
Nudged types: Sessions, Device Info, History
Refresh requested types: Bookmarks, Preferences, Passwords, Autofill Profiles, Autofill, Extensions, Sessions, Extension settings, History Delete Directives, Device Info, User Consents, Send Tab To Self, Web Apps, History, Saved Tab Group, Collection, Edge E Drop, Edge Hub App Usage, Edge Tab Group, Edge Wallet, Encryption Keys}
{"logTime": "0527/040427", "correlationVector":"Mj9P2+6XkHg7eYmXZ8oz/o.1","action":"SyncServerConnectionManagerRequest", "result":"SYNC_SERVER_OK", "context":{"environment":"Prod_southeastasia_prod-s01-064-apac-southeastasia", "migrationStage":"NotStarted", "server":"akswtt00800001w"}}
{"logTime": "0527/040427", "correlationVector":"Mj9P2+6XkHg7eYmXZ8oz/o.2","action":"ProcessGetUpdates", "result":"Done", "context":{"dataType":"Sessions", "deleted":"1", "process_failed_to_decrypt":"0", "process_pending_decryption":"0", "process_success":"3", "total":"3"}}
{"logTime": "0527/040427", "correlationVector":"Mj9P2+6XkHg7eYmXZ8oz/o.3","action":"ProcessGetUpdates", "result":"Done", "context":{"dataType":"Device Info", "deleted":"0", "process_failed_to_decrypt":"0", "process_pending_decryption":"0", "process_success":"1", "total":"1"}}
{"logTime": "0527/040427", "correlationVector":"Mj9P2+6XkHg7eYmXZ8oz/o.4","action":"ProcessGetUpdates", "result":"Done", "context":{"dataType":"History", "deleted":"0", "process_failed_to_decrypt":"0", "process_pending_decryption":"0", "process_success":"2", "total":"2"}}
{"logTime": "0527/040427", "correlationVector":"Mj9P2+6XkHg7eYmXZ8oz/o.5","action":"GetUpdates Response", "result":"Success", "context":Received 6 update(s). cV=Mj9P2+6XkHg7eYmXZ8oz/o.0;server=akswtt00800001w;cloudType=Multitenant;environment=Prod_southeastasia_prod-s01-064-apac-southeastasia;migrationStage=NotStarted}
{"logTime": "0527/040427", "correlationVector":"Fuuf8Mfdzrt7ku9+KYxDsT","action":"Commit Request", "result":"", "context":Item count: 6
Contributing types: Sessions, Device Info, History}
{"logTime": "0527/040428", "correlationVector":"Fuuf8Mfdzrt7ku9+KYxDsT.1","action":"SyncServerConnectionManagerRequest", "result":"SYNC_SERVER_OK", "context":{"environment":"Prod_southeastasia_prod-s01-064-apac-southeastasia", "migrationStage":"NotStarted", "server":"akswtt008000031"}}
{"logTime": "0527/040428", "correlationVector":"Fuuf8Mfdzrt7ku9+KYxDsT.2","action":"Commit Response", "result":"Success", "context":Result: Success. cV=Fuuf8Mfdzrt7ku9+KYxDsT.0;server=akswtt008000031;cloudType=Multitenant;environment=Prod_southeastasia_prod-s01-064-apac-southeastasia;migrationStage=NotStarted}
{"logTime": "0527/040529", "correlationVector":"uMNOrLA1UBUzS5g0zV7ohn","action":"Commit Request", "result":"", "context":Item count: 3
Contributing types: Sessions, History}
{"logTime": "0527/040531", "correlationVector":"uMNOrLA1UBUzS5g0zV7ohn.1","action":"SyncServerConnectionManagerRequest", "result":"SYNC_SERVER_OK", "context":{"environment":"Prod_southeastasia_prod-s01-065-apac-southeastasia", "migrationStage":"NotStarted", "server":"akswtt00800002p"}}
{"logTime": "0527/040531", "correlationVector":"uMNOrLA1UBUzS5g0zV7ohn.2","action":"Commit Response", "result":"Success", "context":Result: Success. cV=uMNOrLA1UBUzS5g0zV7ohn.0;server=akswtt00800002p;cloudType=Multitenant;environment=Prod_southeastasia_prod-s01-065-apac-southeastasia;migrationStage=NotStarted}
{"logTime": "0527/040531", "correlationVector":"uMNOrLA1UBUzS5g0zV7ohn.3","action":"Commit.Sessions", "result":"Success", "context":{"id":"994f03f6-d4da-4d6a-9efe-492bc175d306", "isDeleted":"true", "size":"0", "version":"1748318668234"}}
{"logTime": "0527/042326", "correlationVector":"XFqsXhUULmCUCaf/cfu35R.1","action":"SyncServerConnectionManagerRequest", "result":"SYNC_SERVER_OK", "context":{"environment":"Prod_southeastasia_prod-s01-064-apac-southeastasia", "migrationStage":"NotStarted", "server":"akswtt008000016"}}
{"logTime": "0527/042327", "correlationVector":"XFqsXhUULmCUCaf/cfu35R.2","action":"AAD.Mip.Unpack", "result":"Success", "context":MIP_CLOUD_COMMERCIAL:Success}
{"logTime": "0527/042327", "correlationVector":"XFqsXhUULmCUCaf/cfu35R.3","action":"EncryptionKeysManager::SetEncryptionKeys:", "result":"Success", "context":Key names[1]:[Hzcfl8u0Q1fAKPeZybT2iAiixzSLk5albuPJZtr0qUoQtPPFy1kcqjVMJXKQ+vSxp3mGD5BFRwtKisdaXPSh5w==]}
{"logTime": "0527/042327", "correlationVector":"XFqsXhUULmCUCaf/cfu35R.4","action":"AAD.GetKeyResponse", "result":"Success", "context":Keys=1.LastKeyStatus=Active. 2025-04-09 20:51:51 +07.State=None. Tags: Current_encryption_keys_tag = 77+977+9aO+/vXwVUu+/vTTvv70277+9Dirvv73vv73vv71E77+9fe+/vQpg77+9MG7vv70xZjjvv70t, Updated_current_encryption_keys_tag = Empty. Emails: ["fatihfaritshi@student.unp.ac.id"]}
{"logTime": "0527/042327", "correlationVector":"XFqsXhUULmCUCaf/cfu35R.5","action":"ProcessGetUpdates", "result":"Done", "context":{"dataType":"Encryption Keys", "deleted":"0", "process_failed_to_decrypt":"0", "process_pending_decryption":"0", "process_success":"1", "total":"1"}}
{"logTime": "0527/042327", "correlationVector":"XFqsXhUULmCUCaf/cfu35R","action":"Initial GetUpdates", "result":"", "context":Reason: NEW_CLIENT. cV=XFqsXhUULmCUCaf/cfu35R}
{"logTime": "0527/042327", "correlationVector":"XFqsXhUULmCUCaf/cfu35R.6","action":"GetUpdates Response", "result":"Success", "context":Received 1 update(s). cV=XFqsXhUULmCUCaf/cfu35R.0;server=akswtt008000016;cloudType=Multitenant;environment=Prod_southeastasia_prod-s01-064-apac-southeastasia;migrationStage=NotStarted}
{"logTime": "0527/042327", "correlationVector":"ddmd1hlZpl1Nk5VQxHbxCZ","action":"Normal GetUpdate request", "result":"", "context":cV=ddmd1hlZpl1Nk5VQxHbxCZ
Nudged types: Sessions, Device Info, History
Refresh requested types: Bookmarks, Preferences, Passwords, Autofill Profiles, Autofill, Extensions, Sessions, Extension settings, History Delete Directives, Device Info, User Consents, Send Tab To Self, Web Apps, History, Saved Tab Group, Collection, Edge E Drop, Edge Hub App Usage, Edge Tab Group, Edge Wallet, Encryption Keys}
{"logTime": "0527/042327", "correlationVector":"ddmd1hlZpl1Nk5VQxHbxCZ.1","action":"SyncServerConnectionManagerRequest", "result":"SYNC_SERVER_OK", "context":{"environment":"Prod_southeastasia_prod-s01-064-apac-southeastasia", "migrationStage":"NotStarted", "server":"akswtt00800001k"}}
{"logTime": "0527/042327", "correlationVector":"ddmd1hlZpl1Nk5VQxHbxCZ.2","action":"ProcessGetUpdates", "result":"Done", "context":{"dataType":"Sessions", "deleted":"1", "process_failed_to_decrypt":"0", "process_pending_decryption":"0", "process_success":"3", "total":"3"}}
{"logTime": "0527/042327", "correlationVector":"ddmd1hlZpl1Nk5VQxHbxCZ.3","action":"ProcessGetUpdates", "result":"Done", "context":{"dataType":"Device Info", "deleted":"0", "process_failed_to_decrypt":"0", "process_pending_decryption":"0", "process_success":"1", "total":"1"}}
{"logTime": "0527/042327", "correlationVector":"ddmd1hlZpl1Nk5VQxHbxCZ.4","action":"ProcessGetUpdates", "result":"Done", "context":{"dataType":"History", "deleted":"0", "process_failed_to_decrypt":"0", "process_pending_decryption":"0", "process_success":"2", "total":"2"}}
{"logTime": "0527/042327", "correlationVector":"ddmd1hlZpl1Nk5VQxHbxCZ.5","action":"GetUpdates Response", "result":"Success", "context":Received 6 update(s). cV=ddmd1hlZpl1Nk5VQxHbxCZ.0;server=akswtt00800001k;cloudType=Multitenant;environment=Prod_southeastasia_prod-s01-064-apac-southeastasia;migrationStage=NotStarted}
{"logTime": "0527/042327", "correlationVector":"MiWjIj56/JY5ipDfZA42LA","action":"Commit Request", "result":"", "context":Item count: 6
Contributing types: Sessions, Device Info, History}
{"logTime": "0527/042328", "correlationVector":"MiWjIj56/JY5ipDfZA42LA.1","action":"SyncServerConnectionManagerRequest", "result":"SYNC_SERVER_OK", "context":{"environment":"Prod_southeastasia_prod-s01-064-apac-southeastasia", "migrationStage":"NotStarted", "server":"akswtt008000018"}}
{"logTime": "0527/042328", "correlationVector":"MiWjIj56/JY5ipDfZA42LA.2","action":"Commit Response", "result":"Success", "context":Result: Success. cV=MiWjIj56/JY5ipDfZA42LA.0;server=akswtt008000018;cloudType=Multitenant;environment=Prod_southeastasia_prod-s01-064-apac-southeastasia;migrationStage=NotStarted}
{"logTime": "0527/042821", "correlationVector":"TgY3cwlIj37CuRJQT64JL+","action":"Commit Request", "result":"", "context":Item count: 1
Contributing types: Sessions}
{"logTime": "0527/042822", "correlationVector":"TgY3cwlIj37CuRJQT64JL+.1","action":"SyncServerConnectionManagerRequest", "result":"SYNC_SERVER_OK", "context":{"environment":"Prod_southeastasia_prod-s01-065-apac-southeastasia", "migrationStage":"NotStarted", "server":"akswtt00800001r"}}
{"logTime": "0527/042822", "correlationVector":"TgY3cwlIj37CuRJQT64JL+.3","action":"Commit.Sessions", "result":"Success", "context":{"id":"0a81d251-c0b8-48db-8d8c-935873c029d5", "isDeleted":"true", "size":"0", "version":"1748319808627"}}
{"logTime": "0527/042822", "correlationVector":"TgY3cwlIj37CuRJQT64JL+.2","action":"Commit Response", "result":"Success", "context":Result: Success. cV=TgY3cwlIj37CuRJQT64JL+.0;server=akswtt00800001r;cloudType=Multitenant;environment=Prod_southeastasia_prod-s01-065-apac-southeastasia;migrationStage=NotStarted}
{"logTime": "0527/043016", "correlationVector":"bbiwe4rrItCYmege81rb9J.1","action":"SyncServerConnectionManagerRequest", "result":"SYNC_SERVER_OK", "context":{"environment":"Prod_southeastasia_prod-s01-064-apac-southeastasia", "migrationStage":"NotStarted", "server":"akswtt008000006"}}
{"logTime": "0527/043018", "correlationVector":"bbiwe4rrItCYmege81rb9J.2","action":"AAD.Mip.Unpack", "result":"Success", "context":MIP_CLOUD_COMMERCIAL:Success}
{"logTime": "0527/043018", "correlationVector":"bbiwe4rrItCYmege81rb9J.3","action":"EncryptionKeysManager::SetEncryptionKeys:", "result":"Success", "context":Key names[1]:[Hzcfl8u0Q1fAKPeZybT2iAiixzSLk5albuPJZtr0qUoQtPPFy1kcqjVMJXKQ+vSxp3mGD5BFRwtKisdaXPSh5w==]}
{"logTime": "0527/043018", "correlationVector":"bbiwe4rrItCYmege81rb9J.4","action":"AAD.GetKeyResponse", "result":"Success", "context":Keys=1.LastKeyStatus=Active. 2025-04-09 20:51:51 +07.State=None. Tags: Current_encryption_keys_tag = 77+977+9aO+/vXwVUu+/vTTvv70277+9Dirvv73vv73vv71E77+9fe+/vQpg77+9MG7vv70xZjjvv70t, Updated_current_encryption_keys_tag = Empty. Emails: ["fatihfaritshi@student.unp.ac.id"]}
{"logTime": "0527/043018", "correlationVector":"bbiwe4rrItCYmege81rb9J.5","action":"ProcessGetUpdates", "result":"Done", "context":{"dataType":"Encryption Keys", "deleted":"0", "process_failed_to_decrypt":"0", "process_pending_decryption":"0", "process_success":"1", "total":"1"}}
{"logTime": "0527/043018", "correlationVector":"bbiwe4rrItCYmege81rb9J","action":"Initial GetUpdates", "result":"", "context":Reason: NEW_CLIENT. cV=bbiwe4rrItCYmege81rb9J}
{"logTime": "0527/043018", "correlationVector":"bbiwe4rrItCYmege81rb9J.6","action":"GetUpdates Response", "result":"Success", "context":Received 1 update(s). cV=bbiwe4rrItCYmege81rb9J.0;server=akswtt008000006;cloudType=Multitenant;environment=Prod_southeastasia_prod-s01-064-apac-southeastasia;migrationStage=NotStarted}
{"logTime": "0527/043018", "correlationVector":"gHwa0xY77IM+y9znJDwbDI","action":"Normal GetUpdate request", "result":"", "context":cV=gHwa0xY77IM+y9znJDwbDI
Nudged types: Sessions, Device Info, History
Refresh requested types: Bookmarks, Preferences, Passwords, Autofill Profiles, Autofill, Extensions, Sessions, Extension settings, History Delete Directives, Device Info, User Consents, Send Tab To Self, Web Apps, History, Saved Tab Group, Collection, Edge E Drop, Edge Hub App Usage, Edge Tab Group, Edge Wallet, Encryption Keys}
{"logTime": "0527/043019", "correlationVector":"gHwa0xY77IM+y9znJDwbDI.1","action":"SyncServerConnectionManagerRequest", "result":"SYNC_SERVER_OK", "context":{"environment":"Prod_southeastasia_prod-s01-064-apac-southeastasia", "migrationStage":"NotStarted", "server":"akswtt008000020"}}
{"logTime": "0527/043019", "correlationVector":"gHwa0xY77IM+y9znJDwbDI.2","action":"ProcessGetUpdates", "result":"Done", "context":{"dataType":"Sessions", "deleted":"1", "process_failed_to_decrypt":"0", "process_pending_decryption":"0", "process_success":"3", "total":"3"}}
{"logTime": "0527/043019", "correlationVector":"gHwa0xY77IM+y9znJDwbDI.3","action":"ProcessGetUpdates", "result":"Done", "context":{"dataType":"Device Info", "deleted":"0", "process_failed_to_decrypt":"0", "process_pending_decryption":"0", "process_success":"1", "total":"1"}}
{"logTime": "0527/043019", "correlationVector":"gHwa0xY77IM+y9znJDwbDI.4","action":"ProcessGetUpdates", "result":"Done", "context":{"dataType":"History", "deleted":"0", "process_failed_to_decrypt":"0", "process_pending_decryption":"0", "process_success":"2", "total":"2"}}
{"logTime": "0527/043019", "correlationVector":"gHwa0xY77IM+y9znJDwbDI.5","action":"GetUpdates Response", "result":"Success", "context":Received 6 update(s). cV=gHwa0xY77IM+y9znJDwbDI.0;server=akswtt008000020;cloudType=Multitenant;environment=Prod_southeastasia_prod-s01-064-apac-southeastasia;migrationStage=NotStarted}
{"logTime": "0527/043019", "correlationVector":"8a4BziEZ80Zvdq2N5G+Cqm","action":"Commit Request", "result":"", "context":Item count: 6
Contributing types: Sessions, Device Info, History}
{"logTime": "0527/043020", "correlationVector":"8a4BziEZ80Zvdq2N5G+Cqm.1","action":"SyncServerConnectionManagerRequest", "result":"SYNC_SERVER_OK", "context":{"environment":"Prod_southeastasia_prod-s01-064-apac-southeastasia", "migrationStage":"NotStarted", "server":"akswtt00800000g"}}
{"logTime": "0527/043020", "correlationVector":"8a4BziEZ80Zvdq2N5G+Cqm.2","action":"Commit Response", "result":"Success", "context":Result: Success. cV=8a4BziEZ80Zvdq2N5G+Cqm.0;server=akswtt00800000g;cloudType=Multitenant;environment=Prod_southeastasia_prod-s01-064-apac-southeastasia;migrationStage=NotStarted}
{"logTime": "0527/043020", "correlationVector":"8a4BziEZ80Zvdq2N5G+Cqm.3","action":"Commit.Sessions", "result":"Success", "context":{"id":"c6ac918e-daef-4e1b-b1da-69f8054d1b91", "isDeleted":"true", "size":"0", "version":"1748319808626"}}
{"logTime": "0527/043121", "correlationVector":"/ule8DvVG2iu4yHWD0D8m5","action":"Commit Request", "result":"", "context":Item count: 2
Contributing types: Sessions, History}
{"logTime": "0527/043122", "correlationVector":"/ule8DvVG2iu4yHWD0D8m5.1","action":"SyncServerConnectionManagerRequest", "result":"SYNC_SERVER_OK", "context":{"environment":"Prod_southeastasia_prod-s01-064-apac-southeastasia", "migrationStage":"NotStarted", "server":"akswtt00800000j"}}
{"logTime": "0527/043122", "correlationVector":"/ule8DvVG2iu4yHWD0D8m5.2","action":"Commit Response", "result":"Success", "context":Result: Success. cV=/ule8DvVG2iu4yHWD0D8m5.0;server=akswtt00800000j;cloudType=Multitenant;environment=Prod_southeastasia_prod-s01-064-apac-southeastasia;migrationStage=NotStarted}
{"logTime": "0527/043221", "correlationVector":"KBlhfC9Lpj1FJXdfkYycNM.1","action":"SyncServerConnectionManagerRequest", "result":"SYNC_SERVER_OK", "context":{"environment":"Prod_southeastasia_prod-s01-065-apac-southeastasia", "migrationStage":"NotStarted", "server":"akswtt00800001u"}}
{"logTime": "0527/043225", "correlationVector":"KBlhfC9Lpj1FJXdfkYycNM.2","action":"AAD.Mip.Unpack", "result":"Success", "context":MIP_CLOUD_COMMERCIAL:Success}
{"logTime": "0527/043225", "correlationVector":"KBlhfC9Lpj1FJXdfkYycNM.3","action":"EncryptionKeysManager::SetEncryptionKeys:", "result":"Success", "context":Key names[1]:[Hzcfl8u0Q1fAKPeZybT2iAiixzSLk5albuPJZtr0qUoQtPPFy1kcqjVMJXKQ+vSxp3mGD5BFRwtKisdaXPSh5w==]}
{"logTime": "0527/043225", "correlationVector":"KBlhfC9Lpj1FJXdfkYycNM.4","action":"AAD.GetKeyResponse", "result":"Success", "context":Keys=1.LastKeyStatus=Active. 2025-04-09 20:51:51 +07.State=None. Tags: Current_encryption_keys_tag = 77+977+9aO+/vXwVUu+/vTTvv70277+9Dirvv73vv73vv71E77+9fe+/vQpg77+9MG7vv70xZjjvv70t, Updated_current_encryption_keys_tag = Empty. Emails: ["fatihfaritshi@student.unp.ac.id"]}
{"logTime": "0527/043225", "correlationVector":"KBlhfC9Lpj1FJXdfkYycNM.5","action":"ProcessGetUpdates", "result":"Done", "context":{"dataType":"Encryption Keys", "deleted":"0", "process_failed_to_decrypt":"0", "process_pending_decryption":"0", "process_success":"1", "total":"1"}}
{"logTime": "0527/043225", "correlationVector":"KBlhfC9Lpj1FJXdfkYycNM","action":"Initial GetUpdates", "result":"", "context":Reason: NEW_CLIENT. cV=KBlhfC9Lpj1FJXdfkYycNM}
{"logTime": "0527/043225", "correlationVector":"KBlhfC9Lpj1FJXdfkYycNM.6","action":"GetUpdates Response", "result":"Success", "context":Received 1 update(s). cV=KBlhfC9Lpj1FJXdfkYycNM.0;server=akswtt00800001u;cloudType=Multitenant;environment=Prod_southeastasia_prod-s01-065-apac-southeastasia;migrationStage=NotStarted}
{"logTime": "0527/043225", "correlationVector":"UvKHAfewvEE0Ger9HrJ4UW","action":"Normal GetUpdate request", "result":"", "context":cV=UvKHAfewvEE0Ger9HrJ4UW
Nudged types: Sessions, Device Info, History
Refresh requested types: Bookmarks, Preferences, Passwords, Autofill Profiles, Autofill, Extensions, Sessions, Extension settings, History Delete Directives, Device Info, User Consents, Send Tab To Self, Web Apps, History, Saved Tab Group, Collection, Edge E Drop, Edge Hub App Usage, Edge Tab Group, Edge Wallet, Encryption Keys}
{"logTime": "0527/043225", "correlationVector":"UvKHAfewvEE0Ger9HrJ4UW.1","action":"SyncServerConnectionManagerRequest", "result":"SYNC_SERVER_OK", "context":{"environment":"Prod_southeastasia_prod-s01-065-apac-southeastasia", "migrationStage":"NotStarted", "server":"akswtt008000000"}}
{"logTime": "0527/043225", "correlationVector":"UvKHAfewvEE0Ger9HrJ4UW.2","action":"ProcessGetUpdates", "result":"Done", "context":{"dataType":"Sessions", "deleted":"1", "process_failed_to_decrypt":"0", "process_pending_decryption":"0", "process_success":"3", "total":"3"}}
{"logTime": "0527/043225", "correlationVector":"UvKHAfewvEE0Ger9HrJ4UW.3","action":"ProcessGetUpdates", "result":"Done", "context":{"dataType":"Device Info", "deleted":"0", "process_failed_to_decrypt":"0", "process_pending_decryption":"0", "process_success":"1", "total":"1"}}
{"logTime": "0527/043225", "correlationVector":"UvKHAfewvEE0Ger9HrJ4UW.4","action":"ProcessGetUpdates", "result":"Done", "context":{"dataType":"History", "deleted":"0", "process_failed_to_decrypt":"0", "process_pending_decryption":"0", "process_success":"2", "total":"2"}}
{"logTime": "0527/043225", "correlationVector":"UvKHAfewvEE0Ger9HrJ4UW.5","action":"GetUpdates Response", "result":"Success", "context":Received 6 update(s). cV=UvKHAfewvEE0Ger9HrJ4UW.0;server=akswtt008000000;cloudType=Multitenant;environment=Prod_southeastasia_prod-s01-065-apac-southeastasia;migrationStage=NotStarted}
{"logTime": "0527/043225", "correlationVector":"Af5aLJ10vfPFHW/7utqIdT","action":"Commit Request", "result":"", "context":Item count: 6
Contributing types: Sessions, Device Info, History}
{"logTime": "0527/043226", "correlationVector":"Af5aLJ10vfPFHW/7utqIdT.1","action":"SyncServerConnectionManagerRequest", "result":"SYNC_SERVER_OK", "context":{"environment":"Prod_southeastasia_prod-s01-065-apac-southeastasia", "migrationStage":"NotStarted", "server":"akswtt00800001u"}}
{"logTime": "0527/043226", "correlationVector":"Af5aLJ10vfPFHW/7utqIdT.3","action":"Commit.Sessions", "result":"Success", "context":{"id":"3ef30ba4-b583-40a8-af2c-faa580832ddc", "isDeleted":"true", "size":"0", "version":"1748320283183"}}
{"logTime": "0527/043226", "correlationVector":"Af5aLJ10vfPFHW/7utqIdT.2","action":"Commit Response", "result":"Success", "context":Result: Success. cV=Af5aLJ10vfPFHW/7utqIdT.0;server=akswtt00800001u;cloudType=Multitenant;environment=Prod_southeastasia_prod-s01-065-apac-southeastasia;migrationStage=NotStarted}
{"logTime": "0527/043640", "correlationVector":"fOpqNJz51Hwl4yj2Pkofal.1","action":"SyncServerConnectionManagerRequest", "result":"SYNC_SERVER_OK", "context":{"environment":"Prod_southeastasia_prod-s01-064-apac-southeastasia", "migrationStage":"NotStarted", "server":"akswtt00800002d"}}
{"logTime": "0527/043641", "correlationVector":"fOpqNJz51Hwl4yj2Pkofal.2","action":"AAD.Mip.Unpack", "result":"Success", "context":MIP_CLOUD_COMMERCIAL:Success}
{"logTime": "0527/043641", "correlationVector":"fOpqNJz51Hwl4yj2Pkofal.3","action":"EncryptionKeysManager::SetEncryptionKeys:", "result":"Success", "context":Key names[1]:[Hzcfl8u0Q1fAKPeZybT2iAiixzSLk5albuPJZtr0qUoQtPPFy1kcqjVMJXKQ+vSxp3mGD5BFRwtKisdaXPSh5w==]}
{"logTime": "0527/043641", "correlationVector":"fOpqNJz51Hwl4yj2Pkofal.4","action":"AAD.GetKeyResponse", "result":"Success", "context":Keys=1.LastKeyStatus=Active. 2025-04-09 20:51:51 +07.State=None. Tags: Current_encryption_keys_tag = 77+977+9aO+/vXwVUu+/vTTvv70277+9Dirvv73vv73vv71E77+9fe+/vQpg77+9MG7vv70xZjjvv70t, Updated_current_encryption_keys_tag = Empty. Emails: ["fatihfaritshi@student.unp.ac.id"]}
{"logTime": "0527/043641", "correlationVector":"fOpqNJz51Hwl4yj2Pkofal.5","action":"ProcessGetUpdates", "result":"Done", "context":{"dataType":"Encryption Keys", "deleted":"0", "process_failed_to_decrypt":"0", "process_pending_decryption":"0", "process_success":"1", "total":"1"}}
{"logTime": "0527/043641", "correlationVector":"fOpqNJz51Hwl4yj2Pkofal","action":"Initial GetUpdates", "result":"", "context":Reason: NEW_CLIENT. cV=fOpqNJz51Hwl4yj2Pkofal}
{"logTime": "0527/043641", "correlationVector":"fOpqNJz51Hwl4yj2Pkofal.6","action":"GetUpdates Response", "result":"Success", "context":Received 1 update(s). cV=fOpqNJz51Hwl4yj2Pkofal.0;server=akswtt00800002d;cloudType=Multitenant;environment=Prod_southeastasia_prod-s01-064-apac-southeastasia;migrationStage=NotStarted}
{"logTime": "0527/043641", "correlationVector":"Ipz5j44fW2hHP30c+dsZQH","action":"Normal GetUpdate request", "result":"", "context":cV=Ipz5j44fW2hHP30c+dsZQH
Nudged types: Sessions, Device Info, History
Refresh requested types: Bookmarks, Preferences, Passwords, Autofill Profiles, Autofill, Extensions, Sessions, Extension settings, History Delete Directives, Device Info, User Consents, Send Tab To Self, Web Apps, History, Saved Tab Group, Collection, Edge E Drop, Edge Hub App Usage, Edge Tab Group, Edge Wallet, Encryption Keys}
{"logTime": "0527/043641", "correlationVector":"Ipz5j44fW2hHP30c+dsZQH.1","action":"SyncServerConnectionManagerRequest", "result":"SYNC_SERVER_OK", "context":{"environment":"Prod_southeastasia_prod-s01-065-apac-southeastasia", "migrationStage":"NotStarted", "server":"akswtt00800002j"}}
{"logTime": "0527/043641", "correlationVector":"Ipz5j44fW2hHP30c+dsZQH.2","action":"ProcessGetUpdates", "result":"Done", "context":{"dataType":"Sessions", "deleted":"1", "process_failed_to_decrypt":"0", "process_pending_decryption":"0", "process_success":"3", "total":"3"}}
{"logTime": "0527/043641", "correlationVector":"Ipz5j44fW2hHP30c+dsZQH.3","action":"ProcessGetUpdates", "result":"Done", "context":{"dataType":"Device Info", "deleted":"0", "process_failed_to_decrypt":"0", "process_pending_decryption":"0", "process_success":"1", "total":"1"}}
{"logTime": "0527/043641", "correlationVector":"Ipz5j44fW2hHP30c+dsZQH.4","action":"ProcessGetUpdates", "result":"Done", "context":{"dataType":"History", "deleted":"0", "process_failed_to_decrypt":"0", "process_pending_decryption":"0", "process_success":"2", "total":"2"}}
{"logTime": "0527/043641", "correlationVector":"Ipz5j44fW2hHP30c+dsZQH.5","action":"GetUpdates Response", "result":"Success", "context":Received 6 update(s). cV=Ipz5j44fW2hHP30c+dsZQH.0;server=akswtt00800002j;cloudType=Multitenant;environment=Prod_southeastasia_prod-s01-065-apac-southeastasia;migrationStage=NotStarted}
{"logTime": "0527/043641", "correlationVector":"zPA0bRMQHKnqTOOJVEvDLl","action":"Commit Request", "result":"", "context":Item count: 5
Contributing types: Sessions, Device Info, History}
{"logTime": "0527/043642", "correlationVector":"zPA0bRMQHKnqTOOJVEvDLl.1","action":"SyncServerConnectionManagerRequest", "result":"SYNC_SERVER_OK", "context":{"environment":"Prod_southeastasia_prod-s01-065-apac-southeastasia", "migrationStage":"NotStarted", "server":"akswtt00800001w"}}
{"logTime": "0527/043642", "correlationVector":"zPA0bRMQHKnqTOOJVEvDLl.3","action":"Commit.Sessions", "result":"Success", "context":{"id":"59226d49-7916-4959-bcff-b894d68fa93d", "isDeleted":"true", "size":"0", "version":"1748320346479"}}
{"logTime": "0527/043642", "correlationVector":"zPA0bRMQHKnqTOOJVEvDLl.2","action":"Commit Response", "result":"Success", "context":Result: Success. cV=zPA0bRMQHKnqTOOJVEvDLl.0;server=akswtt00800001w;cloudType=Multitenant;environment=Prod_southeastasia_prod-s01-065-apac-southeastasia;migrationStage=NotStarted}
{"logTime": "0527/043745", "correlationVector":"Rvto5/BEvM2l8wCsVcV7Rn","action":"Commit Request", "result":"", "context":Item count: 2
Contributing types: Sessions, History}
{"logTime": "0527/043746", "correlationVector":"Rvto5/BEvM2l8wCsVcV7Rn.1","action":"SyncServerConnectionManagerRequest", "result":"SYNC_SERVER_OK", "context":{"environment":"Prod_southeastasia_prod-s01-065-apac-southeastasia", "migrationStage":"NotStarted", "server":"akswtt00800003a"}}
{"logTime": "0527/043746", "correlationVector":"Rvto5/BEvM2l8wCsVcV7Rn.2","action":"Commit Response", "result":"Success", "context":Result: Success. cV=Rvto5/BEvM2l8wCsVcV7Rn.0;server=akswtt00800003a;cloudType=Multitenant;environment=Prod_southeastasia_prod-s01-065-apac-southeastasia;migrationStage=NotStarted}
{"logTime": "0527/044915", "correlationVector":"18WoZ2F61sCi03v8Ag9+cT.1","action":"SyncServerConnectionManagerRequest", "result":"SYNC_SERVER_OK", "context":{"environment":"Prod_southeastasia_prod-s01-065-apac-southeastasia", "migrationStage":"NotStarted", "server":"akswtt00800003h"}}
{"logTime": "0527/044918", "correlationVector":"18WoZ2F61sCi03v8Ag9+cT.2","action":"AAD.Mip.Unpack", "result":"Success", "context":MIP_CLOUD_COMMERCIAL:Success}
{"logTime": "0527/044918", "correlationVector":"18WoZ2F61sCi03v8Ag9+cT.3","action":"EncryptionKeysManager::SetEncryptionKeys:", "result":"Success", "context":Key names[1]:[Hzcfl8u0Q1fAKPeZybT2iAiixzSLk5albuPJZtr0qUoQtPPFy1kcqjVMJXKQ+vSxp3mGD5BFRwtKisdaXPSh5w==]}
{"logTime": "0527/044918", "correlationVector":"18WoZ2F61sCi03v8Ag9+cT.4","action":"AAD.GetKeyResponse", "result":"Success", "context":Keys=1.LastKeyStatus=Active. 2025-04-09 20:51:51 +07.State=None. Tags: Current_encryption_keys_tag = 77+977+9aO+/vXwVUu+/vTTvv70277+9Dirvv73vv73vv71E77+9fe+/vQpg77+9MG7vv70xZjjvv70t, Updated_current_encryption_keys_tag = Empty. Emails: ["fatihfaritshi@student.unp.ac.id"]}
{"logTime": "0527/044918", "correlationVector":"18WoZ2F61sCi03v8Ag9+cT.5","action":"ProcessGetUpdates", "result":"Done", "context":{"dataType":"Encryption Keys", "deleted":"0", "process_failed_to_decrypt":"0", "process_pending_decryption":"0", "process_success":"1", "total":"1"}}
{"logTime": "0527/044918", "correlationVector":"18WoZ2F61sCi03v8Ag9+cT","action":"Initial GetUpdates", "result":"", "context":Reason: NEW_CLIENT. cV=18WoZ2F61sCi03v8Ag9+cT}
{"logTime": "0527/044918", "correlationVector":"18WoZ2F61sCi03v8Ag9+cT.6","action":"GetUpdates Response", "result":"Success", "context":Received 1 update(s). cV=18WoZ2F61sCi03v8Ag9+cT.0;server=akswtt00800003h;cloudType=Multitenant;environment=Prod_southeastasia_prod-s01-065-apac-southeastasia;migrationStage=NotStarted}
{"logTime": "0527/044918", "correlationVector":"E+XW6Cgr0Zeh/Exza74Pj0","action":"Normal GetUpdate request", "result":"", "context":cV=E+XW6Cgr0Zeh/Exza74Pj0
Nudged types: Sessions, Device Info, History
Refresh requested types: Bookmarks, Preferences, Passwords, Autofill Profiles, Autofill, Extensions, Sessions, Extension settings, History Delete Directives, Device Info, User Consents, Send Tab To Self, Web Apps, History, Saved Tab Group, Collection, Edge E Drop, Edge Hub App Usage, Edge Tab Group, Edge Wallet, Encryption Keys}
{"logTime": "0527/044918", "correlationVector":"E+XW6Cgr0Zeh/Exza74Pj0.1","action":"SyncServerConnectionManagerRequest", "result":"SYNC_SERVER_OK", "context":{"environment":"Prod_southeastasia_prod-s01-064-apac-southeastasia", "migrationStage":"NotStarted", "server":"akswtt008000037"}}
{"logTime": "0527/044918", "correlationVector":"E+XW6Cgr0Zeh/Exza74Pj0.2","action":"ProcessGetUpdates", "result":"Done", "context":{"dataType":"Sessions", "deleted":"1", "process_failed_to_decrypt":"0", "process_pending_decryption":"0", "process_success":"3", "total":"3"}}
{"logTime": "0527/044918", "correlationVector":"E+XW6Cgr0Zeh/Exza74Pj0.3","action":"ProcessGetUpdates", "result":"Done", "context":{"dataType":"Device Info", "deleted":"0", "process_failed_to_decrypt":"0", "process_pending_decryption":"0", "process_success":"1", "total":"1"}}
{"logTime": "0527/044918", "correlationVector":"E+XW6Cgr0Zeh/Exza74Pj0.4","action":"ProcessGetUpdates", "result":"Done", "context":{"dataType":"History", "deleted":"0", "process_failed_to_decrypt":"0", "process_pending_decryption":"0", "process_success":"2", "total":"2"}}
{"logTime": "0527/044918", "correlationVector":"E+XW6Cgr0Zeh/Exza74Pj0.5","action":"GetUpdates Response", "result":"Success", "context":Received 6 update(s). cV=E+XW6Cgr0Zeh/Exza74Pj0.0;server=akswtt008000037;cloudType=Multitenant;environment=Prod_southeastasia_prod-s01-064-apac-southeastasia;migrationStage=NotStarted}
{"logTime": "0527/044918", "correlationVector":"Uf4k7K/7MoGddwITYYbzDt","action":"Commit Request", "result":"", "context":Item count: 5
Contributing types: Sessions, Device Info, History}
{"logTime": "0527/044919", "correlationVector":"Uf4k7K/7MoGddwITYYbzDt.1","action":"SyncServerConnectionManagerRequest", "result":"SYNC_SERVER_OK", "context":{"environment":"Prod_southeastasia_prod-s01-064-apac-southeastasia", "migrationStage":"NotStarted", "server":"akswtt00800000w"}}
{"logTime": "0527/044919", "correlationVector":"Uf4k7K/7MoGddwITYYbzDt.2","action":"Commit Response", "result":"Success", "context":Result: Success. cV=Uf4k7K/7MoGddwITYYbzDt.0;server=akswtt00800000w;cloudType=Multitenant;environment=Prod_southeastasia_prod-s01-064-apac-southeastasia;migrationStage=NotStarted}
{"logTime": "0527/044919", "correlationVector":"Uf4k7K/7MoGddwITYYbzDt.3","action":"Commit.Sessions", "result":"Success", "context":{"id":"633d7c22-abca-42e8-8806-c202e76a3bb1", "isDeleted":"true", "size":"0", "version":"1748320666618"}}
{"logTime": "0527/045020", "correlationVector":"yLLAMF6hFSjMCLs6GfcXiY","action":"Commit Request", "result":"", "context":Item count: 1
Contributing types: Sessions}
{"logTime": "0527/045021", "correlationVector":"yLLAMF6hFSjMCLs6GfcXiY.1","action":"SyncServerConnectionManagerRequest", "result":"SYNC_SERVER_OK", "context":{"environment":"Prod_southeastasia_prod-s01-065-apac-southeastasia", "migrationStage":"NotStarted", "server":"akswtt00800002g"}}
{"logTime": "0527/045021", "correlationVector":"yLLAMF6hFSjMCLs6GfcXiY.2","action":"Commit Response", "result":"Success", "context":Result: Success. cV=yLLAMF6hFSjMCLs6GfcXiY.0;server=akswtt00800002g;cloudType=Multitenant;environment=Prod_southeastasia_prod-s01-065-apac-southeastasia;migrationStage=NotStarted}
{"logTime": "0527/045203", "correlationVector":"wcBvMjym4Dd6IZf0lL6iH3.1","action":"SyncServerConnectionManagerRequest", "result":"SYNC_SERVER_OK", "context":{"environment":"Prod_southeastasia_prod-s01-065-apac-southeastasia", "migrationStage":"NotStarted", "server":"akswtt00800002u"}}
{"logTime": "0527/045205", "correlationVector":"wcBvMjym4Dd6IZf0lL6iH3.2","action":"AAD.Mip.Unpack", "result":"Success", "context":MIP_CLOUD_COMMERCIAL:Success}
{"logTime": "0527/045205", "correlationVector":"wcBvMjym4Dd6IZf0lL6iH3.3","action":"EncryptionKeysManager::SetEncryptionKeys:", "result":"Success", "context":Key names[1]:[Hzcfl8u0Q1fAKPeZybT2iAiixzSLk5albuPJZtr0qUoQtPPFy1kcqjVMJXKQ+vSxp3mGD5BFRwtKisdaXPSh5w==]}
{"logTime": "0527/045205", "correlationVector":"wcBvMjym4Dd6IZf0lL6iH3.4","action":"AAD.GetKeyResponse", "result":"Success", "context":Keys=1.LastKeyStatus=Active. 2025-04-09 20:51:51 +07.State=None. Tags: Current_encryption_keys_tag = 77+977+9aO+/vXwVUu+/vTTvv70277+9Dirvv73vv73vv71E77+9fe+/vQpg77+9MG7vv70xZjjvv70t, Updated_current_encryption_keys_tag = Empty. Emails: ["fatihfaritshi@student.unp.ac.id"]}
{"logTime": "0527/045205", "correlationVector":"wcBvMjym4Dd6IZf0lL6iH3.5","action":"ProcessGetUpdates", "result":"Done", "context":{"dataType":"Encryption Keys", "deleted":"0", "process_failed_to_decrypt":"0", "process_pending_decryption":"0", "process_success":"1", "total":"1"}}
{"logTime": "0527/045205", "correlationVector":"wcBvMjym4Dd6IZf0lL6iH3","action":"Initial GetUpdates", "result":"", "context":Reason: NEW_CLIENT. cV=wcBvMjym4Dd6IZf0lL6iH3}
{"logTime": "0527/045205", "correlationVector":"wcBvMjym4Dd6IZf0lL6iH3.6","action":"GetUpdates Response", "result":"Success", "context":Received 1 update(s). cV=wcBvMjym4Dd6IZf0lL6iH3.0;server=akswtt00800002u;cloudType=Multitenant;environment=Prod_southeastasia_prod-s01-065-apac-southeastasia;migrationStage=NotStarted}
{"logTime": "0527/045205", "correlationVector":"B/GPKz/cVumwhCfqKF+49f","action":"Normal GetUpdate request", "result":"", "context":cV=B/GPKz/cVumwhCfqKF+49f
Nudged types: Sessions, Device Info, History
Refresh requested types: Bookmarks, Preferences, Passwords, Autofill Profiles, Autofill, Extensions, Sessions, Extension settings, History Delete Directives, Device Info, User Consents, Send Tab To Self, Web Apps, History, Saved Tab Group, Collection, Edge E Drop, Edge Hub App Usage, Edge Tab Group, Edge Wallet, Encryption Keys}
{"logTime": "0527/045205", "correlationVector":"B/GPKz/cVumwhCfqKF+49f.1","action":"SyncServerConnectionManagerRequest", "result":"SYNC_SERVER_OK", "context":{"environment":"Prod_southeastasia_prod-s01-065-apac-southeastasia", "migrationStage":"NotStarted", "server":"akswtt00800001v"}}
{"logTime": "0527/045205", "correlationVector":"B/GPKz/cVumwhCfqKF+49f.2","action":"ProcessGetUpdates", "result":"Done", "context":{"dataType":"Sessions", "deleted":"1", "process_failed_to_decrypt":"0", "process_pending_decryption":"0", "process_success":"3", "total":"3"}}
{"logTime": "0527/045205", "correlationVector":"B/GPKz/cVumwhCfqKF+49f.3","action":"ProcessGetUpdates", "result":"Done", "context":{"dataType":"Device Info", "deleted":"0", "process_failed_to_decrypt":"0", "process_pending_decryption":"0", "process_success":"1", "total":"1"}}
{"logTime": "0527/045205", "correlationVector":"B/GPKz/cVumwhCfqKF+49f.4","action":"ProcessGetUpdates", "result":"Done", "context":{"dataType":"History", "deleted":"0", "process_failed_to_decrypt":"0", "process_pending_decryption":"0", "process_success":"1", "total":"1"}}
{"logTime": "0527/045205", "correlationVector":"B/GPKz/cVumwhCfqKF+49f.5","action":"GetUpdates Response", "result":"Success", "context":Received 5 update(s). cV=B/GPKz/cVumwhCfqKF+49f.0;server=akswtt00800001v;cloudType=Multitenant;environment=Prod_southeastasia_prod-s01-065-apac-southeastasia;migrationStage=NotStarted}
{"logTime": "0527/045205", "correlationVector":"9jHL+r7XA0GgyTGU0C2vQJ","action":"Commit Request", "result":"", "context":Item count: 5
Contributing types: Sessions, Device Info, History}
{"logTime": "0527/045206", "correlationVector":"9jHL+r7XA0GgyTGU0C2vQJ.1","action":"SyncServerConnectionManagerRequest", "result":"SYNC_SERVER_OK", "context":{"environment":"Prod_southeastasia_prod-s01-065-apac-southeastasia", "migrationStage":"NotStarted", "server":"akswtt00800002o"}}
{"logTime": "0527/045206", "correlationVector":"9jHL+r7XA0GgyTGU0C2vQJ.2","action":"Commit Response", "result":"Success", "context":Result: Success. cV=9jHL+r7XA0GgyTGU0C2vQJ.0;server=akswtt00800002o;cloudType=Multitenant;environment=Prod_southeastasia_prod-s01-065-apac-southeastasia;migrationStage=NotStarted}
{"logTime": "0527/045206", "correlationVector":"9jHL+r7XA0GgyTGU0C2vQJ.3","action":"Commit.Sessions", "result":"Success", "context":{"id":"01d8dac0-8107-45e8-be21-6d0a9d5ed861", "isDeleted":"true", "size":"0", "version":"1748321421442"}}
{"logTime": "0527/045309", "correlationVector":"tVmuQYnWGCYHM93/b9BL6V","action":"Commit Request", "result":"", "context":Item count: 1
Contributing types: Sessions}
{"logTime": "0527/045310", "correlationVector":"tVmuQYnWGCYHM93/b9BL6V.1","action":"SyncServerConnectionManagerRequest", "result":"SYNC_SERVER_OK", "context":{"environment":"Prod_southeastasia_prod-s01-064-apac-southeastasia", "migrationStage":"NotStarted", "server":"akswtt00800002x"}}
{"logTime": "0527/045310", "correlationVector":"tVmuQYnWGCYHM93/b9BL6V.2","action":"Commit Response", "result":"Success", "context":Result: Success. cV=tVmuQYnWGCYHM93/b9BL6V.0;server=akswtt00800002x;cloudType=Multitenant;environment=Prod_southeastasia_prod-s01-064-apac-southeastasia;migrationStage=NotStarted}
{"logTime": "0527/045410", "correlationVector":"qIUH980PFBzxPHzKz09L4B","action":"Commit Request", "result":"", "context":Item count: 3
Contributing types: Sessions, History}
{"logTime": "0527/045411", "correlationVector":"qIUH980PFBzxPHzKz09L4B.1","action":"SyncServerConnectionManagerRequest", "result":"SYNC_SERVER_OK", "context":{"environment":"Prod_southeastasia_prod-s01-064-apac-southeastasia", "migrationStage":"NotStarted", "server":"akswtt008000033"}}
{"logTime": "0527/045411", "correlationVector":"qIUH980PFBzxPHzKz09L4B.2","action":"Commit Response", "result":"Success", "context":Result: Success. cV=qIUH980PFBzxPHzKz09L4B.0;server=akswtt008000033;cloudType=Multitenant;environment=Prod_southeastasia_prod-s01-064-apac-southeastasia;migrationStage=NotStarted}
{"logTime": "0527/050436", "correlationVector":"KUg/7fL1AxNrECTHjEaHK5.1","action":"SyncServerConnectionManagerRequest", "result":"SYNC_SERVER_OK", "context":{"environment":"Prod_southeastasia_prod-s01-065-apac-southeastasia", "migrationStage":"NotStarted", "server":"akswtt00800003n"}}
{"logTime": "0527/050438", "correlationVector":"KUg/7fL1AxNrECTHjEaHK5.2","action":"AAD.Mip.Unpack", "result":"Success", "context":MIP_CLOUD_COMMERCIAL:Success}
{"logTime": "0527/050438", "correlationVector":"KUg/7fL1AxNrECTHjEaHK5.3","action":"EncryptionKeysManager::SetEncryptionKeys:", "result":"Success", "context":Key names[1]:[Hzcfl8u0Q1fAKPeZybT2iAiixzSLk5albuPJZtr0qUoQtPPFy1kcqjVMJXKQ+vSxp3mGD5BFRwtKisdaXPSh5w==]}
{"logTime": "0527/050438", "correlationVector":"KUg/7fL1AxNrECTHjEaHK5.4","action":"AAD.GetKeyResponse", "result":"Success", "context":Keys=1.LastKeyStatus=Active. 2025-04-09 20:51:51 +07.State=None. Tags: Current_encryption_keys_tag = 77+977+9aO+/vXwVUu+/vTTvv70277+9Dirvv73vv73vv71E77+9fe+/vQpg77+9MG7vv70xZjjvv70t, Updated_current_encryption_keys_tag = Empty. Emails: ["fatihfaritshi@student.unp.ac.id"]}
{"logTime": "0527/050438", "correlationVector":"KUg/7fL1AxNrECTHjEaHK5.5","action":"ProcessGetUpdates", "result":"Done", "context":{"dataType":"Encryption Keys", "deleted":"0", "process_failed_to_decrypt":"0", "process_pending_decryption":"0", "process_success":"1", "total":"1"}}
{"logTime": "0527/050438", "correlationVector":"KUg/7fL1AxNrECTHjEaHK5","action":"Initial GetUpdates", "result":"", "context":Reason: NEW_CLIENT. cV=KUg/7fL1AxNrECTHjEaHK5}
{"logTime": "0527/050438", "correlationVector":"KUg/7fL1AxNrECTHjEaHK5.6","action":"GetUpdates Response", "result":"Success", "context":Received 1 update(s). cV=KUg/7fL1AxNrECTHjEaHK5.0;server=akswtt00800003n;cloudType=Multitenant;environment=Prod_southeastasia_prod-s01-065-apac-southeastasia;migrationStage=NotStarted}
{"logTime": "0527/050438", "correlationVector":"06AL7eNUM7hMva/OdMJLiB","action":"Normal GetUpdate request", "result":"", "context":cV=06AL7eNUM7hMva/OdMJLiB
Nudged types: Sessions, Device Info, History
Refresh requested types: Bookmarks, Preferences, Passwords, Autofill Profiles, Autofill, Extensions, Sessions, Extension settings, History Delete Directives, Device Info, User Consents, Send Tab To Self, Web Apps, History, Saved Tab Group, Collection, Edge E Drop, Edge Hub App Usage, Edge Tab Group, Edge Wallet, Encryption Keys}
{"logTime": "0527/050439", "correlationVector":"06AL7eNUM7hMva/OdMJLiB.1","action":"SyncServerConnectionManagerRequest", "result":"SYNC_SERVER_OK", "context":{"environment":"Prod_southeastasia_prod-s01-064-apac-southeastasia", "migrationStage":"NotStarted", "server":"akswtt00800001m"}}
{"logTime": "0527/050439", "correlationVector":"06AL7eNUM7hMva/OdMJLiB.2","action":"ProcessGetUpdates", "result":"Done", "context":{"dataType":"Sessions", "deleted":"1", "process_failed_to_decrypt":"0", "process_pending_decryption":"0", "process_success":"3", "total":"3"}}
{"logTime": "0527/050439", "correlationVector":"06AL7eNUM7hMva/OdMJLiB.3","action":"ProcessGetUpdates", "result":"Done", "context":{"dataType":"Device Info", "deleted":"0", "process_failed_to_decrypt":"0", "process_pending_decryption":"0", "process_success":"1", "total":"1"}}
{"logTime": "0527/050439", "correlationVector":"06AL7eNUM7hMva/OdMJLiB.4","action":"ProcessGetUpdates", "result":"Done", "context":{"dataType":"History", "deleted":"0", "process_failed_to_decrypt":"0", "process_pending_decryption":"0", "process_success":"3", "total":"3"}}
{"logTime": "0527/050439", "correlationVector":"06AL7eNUM7hMva/OdMJLiB.5","action":"GetUpdates Response", "result":"Success", "context":Received 7 update(s). cV=06AL7eNUM7hMva/OdMJLiB.0;server=akswtt00800001m;cloudType=Multitenant;environment=Prod_southeastasia_prod-s01-064-apac-southeastasia;migrationStage=NotStarted}
{"logTime": "0527/050439", "correlationVector":"ERBj5gOPNhgoX18Ge8zl2d","action":"Commit Request", "result":"", "context":Item count: 5
Contributing types: Sessions, Device Info, History}
{"logTime": "0527/050439", "correlationVector":"ERBj5gOPNhgoX18Ge8zl2d.1","action":"SyncServerConnectionManagerRequest", "result":"SYNC_SERVER_OK", "context":{"environment":"Prod_southeastasia_prod-s01-064-apac-southeastasia", "migrationStage":"NotStarted", "server":"akswtt00800003c"}}
{"logTime": "0527/050439", "correlationVector":"ERBj5gOPNhgoX18Ge8zl2d.2","action":"Commit Response", "result":"Success", "context":Result: Success. cV=ERBj5gOPNhgoX18Ge8zl2d.0;server=akswtt00800003c;cloudType=Multitenant;environment=Prod_southeastasia_prod-s01-064-apac-southeastasia;migrationStage=NotStarted}
{"logTime": "0527/050439", "correlationVector":"ERBj5gOPNhgoX18Ge8zl2d.3","action":"Commit.Sessions", "result":"Success", "context":{"id":"d15add84-f510-42e1-898c-6c6d6118d5c5", "isDeleted":"true", "size":"0", "version":"1748321651499"}}
{"logTime": "0527/050550", "correlationVector":"kKcV4DSbSjYGAMdYudRy5w","action":"Commit Request", "result":"", "context":Item count: 1
Contributing types: Sessions}
{"logTime": "0527/050551", "correlationVector":"kKcV4DSbSjYGAMdYudRy5w.1","action":"SyncServerConnectionManagerRequest", "result":"SYNC_SERVER_OK", "context":{"environment":"Prod_southeastasia_prod-s01-065-apac-southeastasia", "migrationStage":"NotStarted", "server":"akswtt008000039"}}
{"logTime": "0527/050551", "correlationVector":"kKcV4DSbSjYGAMdYudRy5w.2","action":"Commit Response", "result":"Success", "context":Result: Success. cV=kKcV4DSbSjYGAMdYudRy5w.0;server=akswtt008000039;cloudType=Multitenant;environment=Prod_southeastasia_prod-s01-065-apac-southeastasia;migrationStage=NotStarted}
